Menu Principal
1 - Novo
2 - Abrir
3 - Guardar
4 - Listar meta-informação
5 - Adicionar autor
6 - Listar secções
7 - Mostrar elemento de texto
8 - Editar
0 - Sair
Escolha uma opção: Ficheiro sem nome. Guardar ficheiro como: Menu Principal
1 - Novo
2 - Abrir
3 - Guardar
4 - Listar meta-informação
5 - Adicionar autor
6 - Listar secções
7 - Mostrar elemento de texto
8 - Editar
0 - Sair
Escolha uma opção: Ficheiro sem nome. Guardar ficheiro como: Menu Principal
1 - Novo
2 - Abrir
3 - Guardar
4 - Listar meta-informação
5 - Adicionar autor
6 - Listar secções
7 - Mostrar elemento de texto
8 - Editar
0 - Sair
Escolha uma opção: Opção inválida!
Menu Principal
1 - Novo
2 - Abrir
3 - Guardar
4 - Listar meta-informação
5 - Adicionar autor
6 - Listar secções
7 - Mostrar elemento de texto
8 - Editar
0 - Sair
Escolha uma opção: Ficheiro a abrir: Menu Principal
1 - Novo
2 - Abrir
3 - Guardar
4 - Listar meta-informação
5 - Adicionar autor
6 - Listar secções
7 - Mostrar elemento de texto
8 - Editar
0 - Sair
Escolha uma opção: Nome do autor: Email do autor: Menu Principal
1 - Novo
2 - Abrir
3 - Guardar
4 - Listar meta-informação
5 - Adicionar autor
6 - Listar secções
7 - Mostrar elemento de texto
8 - Editar
0 - Sair
Escolha uma opção: {}
Menu Principal
1 - Novo
2 - Abrir
3 - Guardar
4 - Listar meta-informação
5 - Adicionar autor
6 - Listar secções
7 - Mostrar elemento de texto
8 - Editar
0 - Sair
Escolha uma opção: Menu Principal
1 - Novo
2 - Abrir
3 - Guardar
4 - Listar meta-informação
5 - Adicionar autor
6 - Listar secções
7 - Mostrar elemento de texto
8 - Editar
0 - Sair
Escolha uma opção: {}
Menu Principal
1 - Novo
2 - Abrir
3 - Guardar
4 - Listar meta-informação
5 - Adicionar autor
6 - Listar secções
7 - Mostrar elemento de texto
8 - Editar
0 - Sair
Escolha uma opção: Ficheiro a abrir: Menu Principal
1 - Novo
2 - Abrir
3 - Guardar
4 - Listar meta-informação
5 - Adicionar autor
6 - Listar secções
7 - Mostrar elemento de texto
8 - Editar
0 - Sair
Escolha uma opção: Menu de Edição
1 - Mudar título
2 - Listar secções
3 - Mostrar conteúdo
4 - Seleccionar secção
5 - Inserir secção
6 - Nomear secção
7 - Remover secção
8 - Inserir parágrafo
9 - Nomear parágrafo
10 - Alterar parágrafo
11 - Remover parágrafo
0 - Sair
Escolha uma opção: Identificador da secção: Identificador único: A secção '4' não existe.
Menu de Edição
1 - Mudar título
2 - Listar secções
3 - Mostrar conteúdo
4 - Seleccionar secção
5 - Inserir secção
6 - Nomear secção
7 - Remover secção
8 - Inserir parágrafo
9 - Nomear parágrafo
10 - Alterar parágrafo
11 - Remover parágrafo
0 - Sair
Escolha uma opção: Título da secção: Menu de Edição
1 - Mudar título
2 - Listar secções
3 - Mostrar conteúdo
4 - Seleccionar secção
5 - Inserir secção
6 - Nomear secção
7 - Remover secção
8 - Inserir parágrafo
9 - Nomear parágrafo
10 - Alterar parágrafo
11 - Remover parágrafo
0 - Sair
Escolha uma opção: {5}
Menu de Edição
1 - Mudar título
2 - Listar secções
3 - Mostrar conteúdo
4 - Seleccionar secção
5 - Inserir secção
6 - Nomear secção
7 - Remover secção
8 - Inserir parágrafo
9 - Nomear parágrafo
10 - Alterar parágrafo
11 - Remover parágrafo
0 - Sair
Escolha uma opção: Número do parágrafo: Conteúdo do parágrafo: Menu de Edição
1 - Mudar título
2 - Listar secções
3 - Mostrar conteúdo
4 - Seleccionar secção
5 - Inserir secção
6 - Nomear secção
7 - Remover secção
8 - Inserir parágrafo
9 - Nomear parágrafo
10 - Alterar parágrafo
11 - Remover parágrafo
0 - Sair
Escolha uma opção: Número inválido: java.lang.NumberFormatException: For input string: ""
Escolha uma opção: Número inválido: java.lang.NumberFormatException: For input string: ""
Escolha uma opção: Menu de Edição
1 - Mudar título
2 - Listar secções
3 - Mostrar conteúdo
4 - Seleccionar secção
5 - Inserir secção
6 - Nomear secção
7 - Remover secção
8 - Inserir parágrafo
9 - Nomear parágrafo
10 - Alterar parágrafo
11 - Remover parágrafo
0 - Sair
Escolha uma opção: Número inválido: java.lang.NumberFormatException: For input string: ""
Escolha uma opção: Número inválido: java.lang.NumberFormatException: For input string: ""
Escolha uma opção: Identificador da secção: A secção '9' não existe.
Menu de Edição
1 - Mudar título
2 - Listar secções
3 - Mostrar conteúdo
4 - Seleccionar secção
5 - Inserir secção
6 - Nomear secção
7 - Remover secção
8 - Inserir parágrafo
9 - Nomear parágrafo
10 - Alterar parágrafo
11 - Remover parágrafo
0 - Sair
Escolha uma opção: Identificador da secção: Identificador único: A secção '3' não existe.
Menu de Edição
1 - Mudar título
2 - Listar secções
3 - Mostrar conteúdo
4 - Seleccionar secção
5 - Inserir secção
6 - Nomear secção
7 - Remover secção
8 - Inserir parágrafo
9 - Nomear parágrafo
10 - Alterar parágrafo
11 - Remover parágrafo
0 - Sair
Escolha uma opção: Identificador da secção: Número inválido: java.lang.NumberFormatException: For input string: ""
Identificador da secção: Título da secção: Menu de Edição
1 - Mudar título
2 - Listar secções
3 - Mostrar conteúdo
4 - Seleccionar secção
5 - Inserir secção
6 - Nomear secção
7 - Remover secção
8 - Inserir parágrafo
9 - Nomear parágrafo
10 - Alterar parágrafo
11 - Remover parágrafo
0 - Sair
Escolha uma opção: Número do parágrafo: Conteúdo do parágrafo: O parágrafo '10' não existe.
Menu de Edição
1 - Mudar título
2 - Listar secções
3 - Mostrar conteúdo
4 - Seleccionar secção
5 - Inserir secção
6 - Nomear secção
7 - Remover secção
8 - Inserir parágrafo
9 - Nomear parágrafo
10 - Alterar parágrafo
11 - Remover parágrafo
0 - Sair
Escolha uma opção: Identificador da secção: Título da secção: Menu de Edição
1 - Mudar título
2 - Listar secções
3 - Mostrar conteúdo
4 - Seleccionar secção
5 - Inserir secção
6 - Nomear secção
7 - Remover secção
8 - Inserir parágrafo
9 - Nomear parágrafo
10 - Alterar parágrafo
11 - Remover parágrafo
0 - Sair
Escolha uma opção: Número do parágrafo: Conteúdo do parágrafo: Menu de Edição
1 - Mudar título
2 - Listar secções
3 - Mostrar conteúdo
4 - Seleccionar secção
5 - Inserir secção
6 - Nomear secção
7 - Remover secção
8 - Inserir parágrafo
9 - Nomear parágrafo
10 - Alterar parágrafo
11 - Remover parágrafo
0 - Sair
Escolha uma opção: Número do parágrafo: Identificador único: Menu de Edição
1 - Mudar título
2 - Listar secções
3 - Mostrar conteúdo
4 - Seleccionar secção
5 - Inserir secção
6 - Nomear secção
7 - Remover secção
8 - Inserir parágrafo
9 - Nomear parágrafo
10 - Alterar parágrafo
11 - Remover parágrafo
0 - Sair
Escolha uma opção: Número inválido: java.lang.NumberFormatException: For input string: ""
Escolha uma opção: Identificador da secção: Identificador único: Menu de Edição
1 - Mudar título
2 - Listar secções
3 - Mostrar conteúdo
4 - Seleccionar secção
5 - Inserir secção
6 - Nomear secção
7 - Remover secção
8 - Inserir parágrafo
9 - Nomear parágrafo
10 - Alterar parágrafo
11 - Remover parágrafo
0 - Sair
Escolha uma opção: Identificador da secção: Título da secção: Menu de Edição
1 - Mudar título
2 - Listar secções
3 - Mostrar conteúdo
4 - Seleccionar secção
5 - Inserir secção
6 - Nomear secção
7 - Remover secção
8 - Inserir parágrafo
9 - Nomear parágrafo
10 - Alterar parágrafo
11 - Remover parágrafo
0 - Sair
Escolha uma opção: Identificador da secção: Identificador único: Menu de Edição
1 - Mudar título
2 - Listar secções
3 - Mostrar conteúdo
4 - Seleccionar secção
5 - Inserir secção
6 - Nomear secção
7 - Remover secção
8 - Inserir parágrafo
9 - Nomear parágrafo
10 - Alterar parágrafo
11 - Remover parágrafo
0 - Sair
Escolha uma opção: Número do parágrafo: Conteúdo do parágrafo: O parágrafo '11' não existe.
Menu de Edição
1 - Mudar título
2 - Listar secções
3 - Mostrar conteúdo
4 - Seleccionar secção
5 - Inserir secção
6 - Nomear secção
7 - Remover secção
8 - Inserir parágrafo
9 - Nomear parágrafo
10 - Alterar parágrafo
11 - Remover parágrafo
0 - Sair
Escolha uma opção: [] {3}
[11] {3}
[10] {8}
Menu de Edição
1 - Mudar título
2 - Listar secções
3 - Mostrar conteúdo
4 - Seleccionar secção
5 - Inserir secção
6 - Nomear secção
7 - Remover secção
8 - Inserir parágrafo
9 - Nomear parágrafo
10 - Alterar parágrafo
11 - Remover parágrafo
0 - Sair
Escolha uma opção: Número do parágrafo: Conteúdo do parágrafo: Menu de Edição
1 - Mudar título
2 - Listar secções
3 - Mostrar conteúdo
4 - Seleccionar secção
5 - Inserir secção
6 - Nomear secção
7 - Remover secção
8 - Inserir parágrafo
9 - Nomear parágrafo
10 - Alterar parágrafo
11 - Remover parágrafo
0 - Sair
Escolha uma opção: Menu Principal
1 - Novo
2 - Abrir
3 - Guardar
4 - Listar meta-informação
5 - Adicionar autor
6 - Listar secções
7 - Mostrar elemento de texto
8 - Editar
0 - Sair
Escolha uma opção: Menu Principal
1 - Novo
2 - Abrir
3 - Guardar
4 - Listar meta-informação
5 - Adicionar autor
6 - Listar secções
7 - Mostrar elemento de texto
8 - Editar
0 - Sair
Escolha uma opção: Título: 5
Secções de topo: 3
Dimensão do documento (bytes): 8
Identificadores únicos: 3
Menu Principal
1 - Novo
2 - Abrir
3 - Guardar
4 - Listar meta-informação
5 - Adicionar autor
6 - Listar secções
7 - Mostrar elemento de texto
8 - Editar
0 - Sair
Escolha uma opção: Menu de Edição
1 - Mudar título
2 - Listar secções
3 - Mostrar conteúdo
4 - Seleccionar secção
5 - Inserir secção
6 - Nomear secção
7 - Remover secção
8 - Inserir parágrafo
9 - Nomear parágrafo
10 - Alterar parágrafo
11 - Remover parágrafo
0 - Sair
Escolha uma opção: Identificador da secção: Título da secção: Menu de Edição
1 - Mudar título
2 - Listar secções
3 - Mostrar conteúdo
4 - Seleccionar secção
5 - Inserir secção
6 - Nomear secção
7 - Remover secção
8 - Inserir parágrafo
9 - Nomear parágrafo
10 - Alterar parágrafo
11 - Remover parágrafo
0 - Sair
Escolha uma opção: Identificador da secção: Identificador único: O nome da secção foi alterado.
Menu de Edição
1 - Mudar título
2 - Listar secções
3 - Mostrar conteúdo
4 - Seleccionar secção
5 - Inserir secção
6 - Nomear secção
7 - Remover secção
8 - Inserir parágrafo
9 - Nomear parágrafo
10 - Alterar parágrafo
11 - Remover parágrafo
0 - Sair
Escolha uma opção: Número do parágrafo: Número inválido: java.lang.NumberFormatException: For input string: ""
Número do parágrafo: Identificador único: O parágrafo '6' não existe.
Menu de Edição
1 - Mudar título
2 - Listar secções
3 - Mostrar conteúdo
4 - Seleccionar secção
5 - Inserir secção
6 - Nomear secção
7 - Remover secção
8 - Inserir parágrafo
9 - Nomear parágrafo
10 - Alterar parágrafo
11 - Remover parágrafo
0 - Sair
Escolha uma opção: Identificador da secção: Título da secção: Menu de Edição
1 - Mudar título
2 - Listar secções
3 - Mostrar conteúdo
4 - Seleccionar secção
5 - Inserir secção
6 - Nomear secção
7 - Remover secção
8 - Inserir parágrafo
9 - Nomear parágrafo
10 - Alterar parágrafo
11 - Remover parágrafo
0 - Sair
Escolha uma opção: Número do parágrafo: Identificador único: O parágrafo '10' não existe.
Menu de Edição
1 - Mudar título
2 - Listar secções
3 - Mostrar conteúdo
4 - Seleccionar secção
5 - Inserir secção
6 - Nomear secção
7 - Remover secção
8 - Inserir parágrafo
9 - Nomear parágrafo
10 - Alterar parágrafo
11 - Remover parágrafo
0 - Sair
Escolha uma opção: Número do parágrafo: Identificador único: O parágrafo '3' não existe.
Menu de Edição
1 - Mudar título
2 - Listar secções
3 - Mostrar conteúdo
4 - Seleccionar secção
5 - Inserir secção
6 - Nomear secção
7 - Remover secção
8 - Inserir parágrafo
9 - Nomear parágrafo
10 - Alterar parágrafo
11 - Remover parágrafo
0 - Sair
Escolha uma opção: Identificador da secção: Título da secção: Menu de Edição
1 - Mudar título
2 - Listar secções
3 - Mostrar conteúdo
4 - Seleccionar secção
5 - Inserir secção
6 - Nomear secção
7 - Remover secção
8 - Inserir parágrafo
9 - Nomear parágrafo
10 - Alterar parágrafo
11 - Remover parágrafo
0 - Sair
Escolha uma opção: Menu Principal
1 - Novo
2 - Abrir
3 - Guardar
4 - Listar meta-informação
5 - Adicionar autor
6 - Listar secções
7 - Mostrar elemento de texto
8 - Editar
0 - Sair
Escolha uma opção: Nome do autor: Email do autor: Menu Principal
1 - Novo
2 - Abrir
3 - Guardar
4 - Listar meta-informação
5 - Adicionar autor
6 - Listar secções
7 - Mostrar elemento de texto
8 - Editar
0 - Sair
Escolha uma opção: Título: 5
Autor: 3/6
Secções de topo: 6
Dimensão do documento (bytes): 12
Identificadores únicos: 3
Menu Principal
1 - Novo
2 - Abrir
3 - Guardar
4 - Listar meta-informação
5 - Adicionar autor
6 - Listar secções
7 - Mostrar elemento de texto
8 - Editar
0 - Sair
Escolha uma opção: Menu Principal
1 - Novo
2 - Abrir
3 - Guardar
4 - Listar meta-informação
5 - Adicionar autor
6 - Listar secções
7 - Mostrar elemento de texto
8 - Editar
0 - Sair
Escolha uma opção: Opção inválida!
Menu Principal
1 - Novo
2 - Abrir
3 - Guardar
4 - Listar meta-informação
5 - Adicionar autor
6 - Listar secções
7 - Mostrar elemento de texto
8 - Editar
0 - Sair
Escolha uma opção: Ficheiro sem nome. Guardar ficheiro como: Menu Principal
1 - Novo
2 - Abrir
3 - Guardar
4 - Listar meta-informação
5 - Adicionar autor
6 - Listar secções
7 - Mostrar elemento de texto
8 - Editar
0 - Sair
Escolha uma opção: Número inválido: java.lang.NumberFormatException: For input string: ""
Escolha uma opção: Opção inválida!
Menu Principal
1 - Novo
2 - Abrir
3 - Guardar
4 - Listar meta-informação
5 - Adicionar autor
6 - Listar secções
7 - Mostrar elemento de texto
8 - Editar
0 - Sair
Escolha uma opção: Menu Principal
1 - Novo
2 - Abrir
3 - Guardar
4 - Listar meta-informação
5 - Adicionar autor
6 - Listar secções
7 - Mostrar elemento de texto
8 - Editar
0 - Sair
Escolha uma opção: Menu de Edição
1 - Mudar título
2 - Listar secções
3 - Mostrar conteúdo
4 - Seleccionar secção
5 - Inserir secção
6 - Nomear secção
7 - Remover secção
8 - Inserir parágrafo
9 - Nomear parágrafo
10 - Alterar parágrafo
11 - Remover parágrafo
0 - Sair
Escolha uma opção: Número inválido: java.lang.NumberFormatException: For input string: ""
Escolha uma opção: Identificador da secção: Título da secção: Menu de Edição
1 - Mudar título
2 - Listar secções
3 - Mostrar conteúdo
4 - Seleccionar secção
5 - Inserir secção
6 - Nomear secção
7 - Remover secção
8 - Inserir parágrafo
9 - Nomear parágrafo
10 - Alterar parágrafo
11 - Remover parágrafo
0 - Sair
Escolha uma opção: Número do parágrafo: O parágrafo '3' não existe.
Menu de Edição
1 - Mudar título
2 - Listar secções
3 - Mostrar conteúdo
4 - Seleccionar secção
5 - Inserir secção
6 - Nomear secção
7 - Remover secção
8 - Inserir parágrafo
9 - Nomear parágrafo
10 - Alterar parágrafo
11 - Remover parágrafo
0 - Sair
Escolha uma opção: Identificador da secção: A secção '9' não existe.
Menu de Edição
1 - Mudar título
2 - Listar secções
3 - Mostrar conteúdo
4 - Seleccionar secção
5 - Inserir secção
6 - Nomear secção
7 - Remover secção
8 - Inserir parágrafo
9 - Nomear parágrafo
10 - Alterar parágrafo
11 - Remover parágrafo
0 - Sair
Escolha uma opção: Número inválido: java.lang.NumberFormatException: For input string: ""
Escolha uma opção: Número do parágrafo: Número inválido: java.lang.NumberFormatException: For input string: ""
Número do parágrafo: Identificador único: O parágrafo '10' não existe.
Menu de Edição
1 - Mudar título
2 - Listar secções
3 - Mostrar conteúdo
4 - Seleccionar secção
5 - Inserir secção
6 - Nomear secção
7 - Remover secção
8 - Inserir parágrafo
9 - Nomear parágrafo
10 - Alterar parágrafo
11 - Remover parágrafo
0 - Sair
Escolha uma opção: Número do parágrafo: O parágrafo '10' não existe.
Menu de Edição
1 - Mudar título
2 - Listar secções
3 - Mostrar conteúdo
4 - Seleccionar secção
5 - Inserir secção
6 - Nomear secção
7 - Remover secção
8 - Inserir parágrafo
9 - Nomear parágrafo
10 - Alterar parágrafo
11 - Remover parágrafo
0 - Sair
Escolha uma opção: {}
[] {4}
Menu de Edição
1 - Mudar título
2 - Listar secções
3 - Mostrar conteúdo
4 - Seleccionar secção
5 - Inserir secção
6 - Nomear secção
7 - Remover secção
8 - Inserir parágrafo
9 - Nomear parágrafo
10 - Alterar parágrafo
11 - Remover parágrafo
0 - Sair
Escolha uma opção: [] {4}
Menu de Edição
1 - Mudar título
2 - Listar secções
3 - Mostrar conteúdo
4 - Seleccionar secção
5 - Inserir secção
6 - Nomear secção
7 - Remover secção
8 - Inserir parágrafo
9 - Nomear parágrafo
10 - Alterar parágrafo
11 - Remover parágrafo
0 - Sair
Escolha uma opção: Número do parágrafo: Conteúdo do parágrafo: Menu de Edição
1 - Mudar título
2 - Listar secções
3 - Mostrar conteúdo
4 - Seleccionar secção
5 - Inserir secção
6 - Nomear secção
7 - Remover secção
8 - Inserir parágrafo
9 - Nomear parágrafo
10 - Alterar parágrafo
11 - Remover parágrafo
0 - Sair
Escolha uma opção: Identificador da secção: Número inválido: java.lang.NumberFormatException: For input string: ""
Identificador da secção: Título da secção: Menu de Edição
1 - Mudar título
2 - Listar secções
3 - Mostrar conteúdo
4 - Seleccionar secção
5 - Inserir secção
6 - Nomear secção
7 - Remover secção
8 - Inserir parágrafo
9 - Nomear parágrafo
10 - Alterar parágrafo
11 - Remover parágrafo
0 - Sair
Escolha uma opção: Título da secção: Menu de Edição
1 - Mudar título
2 - Listar secções
3 - Mostrar conteúdo
4 - Seleccionar secção
5 - Inserir secção
6 - Nomear secção
7 - Remover secção
8 - Inserir parágrafo
9 - Nomear parágrafo
10 - Alterar parágrafo
11 - Remover parágrafo
0 - Sair
Escolha uma opção: [] {4}
[] {11}
Menu de Edição
1 - Mudar título
2 - Listar secções
3 - Mostrar conteúdo
4 - Seleccionar secção
5 - Inserir secção
6 - Nomear secção
7 - Remover secção
8 - Inserir parágrafo
9 - Nomear parágrafo
10 - Alterar parágrafo
11 - Remover parágrafo
0 - Sair
Escolha uma opção: {9}
4
[] {4}
[] {11}
Menu de Edição
1 - Mudar título
2 - Listar secções
3 - Mostrar conteúdo
4 - Seleccionar secção
5 - Inserir secção
6 - Nomear secção
7 - Remover secção
8 - Inserir parágrafo
9 - Nomear parágrafo
10 - Alterar parágrafo
11 - Remover parágrafo
0 - Sair
Escolha uma opção: Número do parágrafo: Conteúdo do parágrafo: Menu de Edição
1 - Mudar título
2 - Listar secções
3 - Mostrar conteúdo
4 - Seleccionar secção
5 - Inserir secção
6 - Nomear secção
7 - Remover secção
8 - Inserir parágrafo
9 - Nomear parágrafo
10 - Alterar parágrafo
11 - Remover parágrafo
0 - Sair
Escolha uma opção: Número do parágrafo: O parágrafo '5' não existe.
Menu de Edição
1 - Mudar título
2 - Listar secções
3 - Mostrar conteúdo
4 - Seleccionar secção
5 - Inserir secção
6 - Nomear secção
7 - Remover secção
8 - Inserir parágrafo
9 - Nomear parágrafo
10 - Alterar parágrafo
11 - Remover parágrafo
0 - Sair
Escolha uma opção: Número do parágrafo: Identificador único: O parágrafo '2' não existe.
Menu de Edição
1 - Mudar título
2 - Listar secções
3 - Mostrar conteúdo
4 - Seleccionar secção
5 - Inserir secção
6 - Nomear secção
7 - Remover secção
8 - Inserir parágrafo
9 - Nomear parágrafo
10 - Alterar parágrafo
11 - Remover parágrafo
0 - Sair
Escolha uma opção: Título da secção: Menu de Edição
1 - Mudar título
2 - Listar secções
3 - Mostrar conteúdo
4 - Seleccionar secção
5 - Inserir secção
6 - Nomear secção
7 - Remover secção
8 - Inserir parágrafo
9 - Nomear parágrafo
10 - Alterar parágrafo
11 - Remover parágrafo
0 - Sair
Escolha uma opção: Menu Principal
1 - Novo
2 - Abrir
3 - Guardar
4 - Listar meta-informação
5 - Adicionar autor
6 - Listar secções
7 - Mostrar elemento de texto
8 - Editar
0 - Sair
Escolha uma opção: Número inválido: java.lang.NumberFormatException: For input string: ""
Escolha uma opção: Ficheiro a abrir: Menu Principal
1 - Novo
2 - Abrir
3 - Guardar
4 - Listar meta-informação
5 - Adicionar autor
6 - Listar secções
7 - Mostrar elemento de texto
8 - Editar
0 - Sair
Escolha uma opção: Nome do autor: Email do autor: Menu Principal
1 - Novo
2 - Abrir
3 - Guardar
4 - Listar meta-informação
5 - Adicionar autor
6 - Listar secções
7 - Mostrar elemento de texto
8 - Editar
0 - Sair
Escolha uma opção: Ficheiro a abrir: Menu Principal
1 - Novo
2 - Abrir
3 - Guardar
4 - Listar meta-informação
5 - Adicionar autor
6 - Listar secções
7 - Mostrar elemento de texto
8 - Editar
0 - Sair
Escolha uma opção: Menu de Edição
1 - Mudar título
2 - Listar secções
3 - Mostrar conteúdo
4 - Seleccionar secção
5 - Inserir secção
6 - Nomear secção
7 - Remover secção
8 - Inserir parágrafo
9 - Nomear parágrafo
10 - Alterar parágrafo
11 - Remover parágrafo
0 - Sair
Escolha uma opção: Número do parágrafo: Conteúdo do parágrafo: Menu de Edição
1 - Mudar título
2 - Listar secções
3 - Mostrar conteúdo
4 - Seleccionar secção
5 - Inserir secção
6 - Nomear secção
7 - Remover secção
8 - Inserir parágrafo
9 - Nomear parágrafo
10 - Alterar parágrafo
11 - Remover parágrafo
0 - Sair
Escolha uma opção: Número inválido: java.lang.NumberFormatException: For input string: ""
Escolha uma opção: Número do parágrafo: Identificador único: O parágrafo '9' não existe.
Menu de Edição
1 - Mudar título
2 - Listar secções
3 - Mostrar conteúdo
4 - Seleccionar secção
5 - Inserir secção
6 - Nomear secção
7 - Remover secção
8 - Inserir parágrafo
9 - Nomear parágrafo
10 - Alterar parágrafo
11 - Remover parágrafo
0 - Sair
Escolha uma opção: Número do parágrafo: Identificador único: O parágrafo '3' não existe.
Menu de Edição
1 - Mudar título
2 - Listar secções
3 - Mostrar conteúdo
4 - Seleccionar secção
5 - Inserir secção
6 - Nomear secção
7 - Remover secção
8 - Inserir parágrafo
9 - Nomear parágrafo
10 - Alterar parágrafo
11 - Remover parágrafo
0 - Sair
Escolha uma opção: Identificador da secção: Título da secção: Menu de Edição
1 - Mudar título
2 - Listar secções
3 - Mostrar conteúdo
4 - Seleccionar secção
5 - Inserir secção
6 - Nomear secção
7 - Remover secção
8 - Inserir parágrafo
9 - Nomear parágrafo
10 - Alterar parágrafo
11 - Remover parágrafo
0 - Sair
Escolha uma opção: [] {10}
Menu de Edição
1 - Mudar título
2 - Listar secções
3 - Mostrar conteúdo
4 - Seleccionar secção
5 - Inserir secção
6 - Nomear secção
7 - Remover secção
8 - Inserir parágrafo
9 - Nomear parágrafo
10 - Alterar parágrafo
11 - Remover parágrafo
0 - Sair
Escolha uma opção: Número do parágrafo: O parágrafo '11' não existe.
Menu de Edição
1 - Mudar título
2 - Listar secções
3 - Mostrar conteúdo
4 - Seleccionar secção
5 - Inserir secção
6 - Nomear secção
7 - Remover secção
8 - Inserir parágrafo
9 - Nomear parágrafo
10 - Alterar parágrafo
11 - Remover parágrafo
0 - Sair
Escolha uma opção: Número do parágrafo: Identificador único: Menu de Edição
1 - Mudar título
2 - Listar secções
3 - Mostrar conteúdo
4 - Seleccionar secção
5 - Inserir secção
6 - Nomear secção
7 - Remover secção
8 - Inserir parágrafo
9 - Nomear parágrafo
10 - Alterar parágrafo
11 - Remover parágrafo
0 - Sair
Escolha uma opção: Número do parágrafo: Conteúdo do parágrafo: Menu de Edição
1 - Mudar título
2 - Listar secções
3 - Mostrar conteúdo
4 - Seleccionar secção
5 - Inserir secção
6 - Nomear secção
7 - Remover secção
8 - Inserir parágrafo
9 - Nomear parágrafo
10 - Alterar parágrafo
11 - Remover parágrafo
0 - Sair
Escolha uma opção: Número do parágrafo: Conteúdo do parágrafo: O parágrafo '5' não existe.
Menu de Edição
1 - Mudar título
2 - Listar secções
3 - Mostrar conteúdo
4 - Seleccionar secção
5 - Inserir secção
6 - Nomear secção
7 - Remover secção
8 - Inserir parágrafo
9 - Nomear parágrafo
10 - Alterar parágrafo
11 - Remover parágrafo
0 - Sair
Escolha uma opção: {}
11
11
[] {10}
Menu de Edição
1 - Mudar título
2 - Listar secções
3 - Mostrar conteúdo
4 - Seleccionar secção
5 - Inserir secção
6 - Nomear secção
7 - Remover secção
8 - Inserir parágrafo
9 - Nomear parágrafo
10 - Alterar parágrafo
11 - Remover parágrafo
0 - Sair
Escolha uma opção: Identificador da secção: Título da secção: Menu de Edição
1 - Mudar título
2 - Listar secções
3 - Mostrar conteúdo
4 - Seleccionar secção
5 - Inserir secção
6 - Nomear secção
7 - Remover secção
8 - Inserir parágrafo
9 - Nomear parágrafo
10 - Alterar parágrafo
11 - Remover parágrafo
0 - Sair
Escolha uma opção: Identificador da secção: A secção '2' não existe.
Menu de Edição
1 - Mudar título
2 - Listar secções
3 - Mostrar conteúdo
4 - Seleccionar secção
5 - Inserir secção
6 - Nomear secção
7 - Remover secção
8 - Inserir parágrafo
9 - Nomear parágrafo
10 - Alterar parágrafo
11 - Remover parágrafo
0 - Sair
Escolha uma opção: Número do parágrafo: Conteúdo do parágrafo: Menu de Edição
1 - Mudar título
2 - Listar secções
3 - Mostrar conteúdo
4 - Seleccionar secção
5 - Inserir secção
6 - Nomear secção
7 - Remover secção
8 - Inserir parágrafo
9 - Nomear parágrafo
10 - Alterar parágrafo
11 - Remover parágrafo
0 - Sair
Escolha uma opção: Número do parágrafo: O parágrafo '11' não existe.
Menu de Edição
1 - Mudar título
2 - Listar secções
3 - Mostrar conteúdo
4 - Seleccionar secção
5 - Inserir secção
6 - Nomear secção
7 - Remover secção
8 - Inserir parágrafo
9 - Nomear parágrafo
10 - Alterar parágrafo
11 - Remover parágrafo
0 - Sair
Escolha uma opção: Título da secção: Menu de Edição
1 - Mudar título
2 - Listar secções
3 - Mostrar conteúdo
4 - Seleccionar secção
5 - Inserir secção
6 - Nomear secção
7 - Remover secção
8 - Inserir parágrafo
9 - Nomear parágrafo
10 - Alterar parágrafo
11 - Remover parágrafo
0 - Sair
Escolha uma opção: Identificador da secção: A secção '8' não existe.
Menu de Edição
1 - Mudar título
2 - Listar secções
3 - Mostrar conteúdo
4 - Seleccionar secção
5 - Inserir secção
6 - Nomear secção
7 - Remover secção
8 - Inserir parágrafo
9 - Nomear parágrafo
10 - Alterar parágrafo
11 - Remover parágrafo
0 - Sair
Escolha uma opção: Número do parágrafo: Conteúdo do parágrafo: Menu de Edição
1 - Mudar título
2 - Listar secções
3 - Mostrar conteúdo
4 - Seleccionar secção
5 - Inserir secção
6 - Nomear secção
7 - Remover secção
8 - Inserir parágrafo
9 - Nomear parágrafo
10 - Alterar parágrafo
11 - Remover parágrafo
0 - Sair
Escolha uma opção: [] {10}
[] {1}
Menu de Edição
1 - Mudar título
2 - Listar secções
3 - Mostrar conteúdo
4 - Seleccionar secção
5 - Inserir secção
6 - Nomear secção
7 - Remover secção
8 - Inserir parágrafo
9 - Nomear parágrafo
10 - Alterar parágrafo
11 - Remover parágrafo
0 - Sair
Escolha uma opção: Número do parágrafo: Identificador único: O parágrafo '4' não existe.
Menu de Edição
1 - Mudar título
2 - Listar secções
3 - Mostrar conteúdo
4 - Seleccionar secção
5 - Inserir secção
6 - Nomear secção
7 - Remover secção
8 - Inserir parágrafo
9 - Nomear parágrafo
10 - Alterar parágrafo
11 - Remover parágrafo
0 - Sair
Escolha uma opção: Número inválido: java.lang.NumberFormatException: For input string: ""
Escolha uma opção: Número do parágrafo: Conteúdo do parágrafo: Menu de Edição
1 - Mudar título
2 - Listar secções
3 - Mostrar conteúdo
4 - Seleccionar secção
5 - Inserir secção
6 - Nomear secção
7 - Remover secção
8 - Inserir parágrafo
9 - Nomear parágrafo
10 - Alterar parágrafo
11 - Remover parágrafo
0 - Sair
Escolha uma opção: Menu Principal
1 - Novo
2 - Abrir
3 - Guardar
4 - Listar meta-informação
5 - Adicionar autor
6 - Listar secções
7 - Mostrar elemento de texto
8 - Editar
0 - Sair
Escolha uma opção: Opção inválida!
Menu Principal
1 - Novo
2 - Abrir
3 - Guardar
4 - Listar meta-informação
5 - Adicionar autor
6 - Listar secções
7 - Mostrar elemento de texto
8 - Editar
0 - Sair
Escolha uma opção: Número inválido: java.lang.NumberFormatException: For input string: ""
Escolha uma opção: Menu de Edição
1 - Mudar título
2 - Listar secções
3 - Mostrar conteúdo
4 - Seleccionar secção
5 - Inserir secção
6 - Nomear secção
7 - Remover secção
8 - Inserir parágrafo
9 - Nomear parágrafo
10 - Alterar parágrafo
11 - Remover parágrafo
0 - Sair
Escolha uma opção: Identificador da secção: Título da secção: Menu de Edição
1 - Mudar título
2 - Listar secções
3 - Mostrar conteúdo
4 - Seleccionar secção
5 - Inserir secção
6 - Nomear secção
7 - Remover secção
8 - Inserir parágrafo
9 - Nomear parágrafo
10 - Alterar parágrafo
11 - Remover parágrafo
0 - Sair
Escolha uma opção: Título da secção: Menu de Edição
1 - Mudar título
2 - Listar secções
3 - Mostrar conteúdo
4 - Seleccionar secção
5 - Inserir secção
6 - Nomear secção
7 - Remover secção
8 - Inserir parágrafo
9 - Nomear parágrafo
10 - Alterar parágrafo
11 - Remover parágrafo
0 - Sair
Escolha uma opção: [] {10}
[] {1}
[] {6}
Menu de Edição
1 - Mudar título
2 - Listar secções
3 - Mostrar conteúdo
4 - Seleccionar secção
5 - Inserir secção
6 - Nomear secção
7 - Remover secção
8 - Inserir parágrafo
9 - Nomear parágrafo
10 - Alterar parágrafo
11 - Remover parágrafo
0 - Sair
Escolha uma opção: Título da secção: Menu de Edição
1 - Mudar título
2 - Listar secções
3 - Mostrar conteúdo
4 - Seleccionar secção
5 - Inserir secção
6 - Nomear secção
7 - Remover secção
8 - Inserir parágrafo
9 - Nomear parágrafo
10 - Alterar parágrafo
11 - Remover parágrafo
0 - Sair
Escolha uma opção: Número do parágrafo: Conteúdo do parágrafo: O parágrafo '8' não existe.
Menu de Edição
1 - Mudar título
2 - Listar secções
3 - Mostrar conteúdo
4 - Seleccionar secção
5 - Inserir secção
6 - Nomear secção
7 - Remover secção
8 - Inserir parágrafo
9 - Nomear parágrafo
10 - Alterar parágrafo
11 - Remover parágrafo
0 - Sair
Escolha uma opção: Número do parágrafo: Conteúdo do parágrafo: Menu de Edição
1 - Mudar título
2 - Listar secções
3 - Mostrar conteúdo
4 - Seleccionar secção
5 - Inserir secção
6 - Nomear secção
7 - Remover secção
8 - Inserir parágrafo
9 - Nomear parágrafo
10 - Alterar parágrafo
11 - Remover parágrafo
0 - Sair
Escolha uma opção: Número do parágrafo: Conteúdo do parágrafo: Menu de Edição
1 - Mudar título
2 - Listar secções
3 - Mostrar conteúdo
4 - Seleccionar secção
5 - Inserir secção
6 - Nomear secção
7 - Remover secção
8 - Inserir parágrafo
9 - Nomear parágrafo
10 - Alterar parágrafo
11 - Remover parágrafo
0 - Sair
Escolha uma opção: Identificador da secção: Identificador único: A secção '9' não existe.
Menu de Edição
1 - Mudar título
2 - Listar secções
3 - Mostrar conteúdo
4 - Seleccionar secção
5 - Inserir secção
6 - Nomear secção
7 - Remover secção
8 - Inserir parágrafo
9 - Nomear parágrafo
10 - Alterar parágrafo
11 - Remover parágrafo
0 - Sair
Escolha uma opção: Número do parágrafo: Identificador único: Menu de Edição
1 - Mudar título
2 - Listar secções
3 - Mostrar conteúdo
4 - Seleccionar secção
5 - Inserir secção
6 - Nomear secção
7 - Remover secção
8 - Inserir parágrafo
9 - Nomear parágrafo
10 - Alterar parágrafo
11 - Remover parágrafo
0 - Sair
Escolha uma opção: Identificador da secção: Título da secção: Menu de Edição
1 - Mudar título
2 - Listar secções
3 - Mostrar conteúdo
4 - Seleccionar secção
5 - Inserir secção
6 - Nomear secção
7 - Remover secção
8 - Inserir parágrafo
9 - Nomear parágrafo
10 - Alterar parágrafo
11 - Remover parágrafo
0 - Sair
Escolha uma opção: Número do parágrafo: O parágrafo '8' não existe.
Menu de Edição
1 - Mudar título
2 - Listar secções
3 - Mostrar conteúdo
4 - Seleccionar secção
5 - Inserir secção
6 - Nomear secção
7 - Remover secção
8 - Inserir parágrafo
9 - Nomear parágrafo
10 - Alterar parágrafo
11 - Remover parágrafo
0 - Sair
Escolha uma opção: Número do parágrafo: Conteúdo do parágrafo: Menu de Edição
1 - Mudar título
2 - Listar secções
3 - Mostrar conteúdo
4 - Seleccionar secção
5 - Inserir secção
6 - Nomear secção
7 - Remover secção
8 - Inserir parágrafo
9 - Nomear parágrafo
10 - Alterar parágrafo
11 - Remover parágrafo
0 - Sair
Escolha uma opção: Número do parágrafo: Identificador único: Menu de Edição
1 - Mudar título
2 - Listar secções
3 - Mostrar conteúdo
4 - Seleccionar secção
5 - Inserir secção
6 - Nomear secção
7 - Remover secção
8 - Inserir parágrafo
9 - Nomear parágrafo
10 - Alterar parágrafo
11 - Remover parágrafo
0 - Sair
Escolha uma opção: Número do parágrafo: O parágrafo '9' não existe.
Menu de Edição
1 - Mudar título
2 - Listar secções
3 - Mostrar conteúdo
4 - Seleccionar secção
5 - Inserir secção
6 - Nomear secção
7 - Remover secção
8 - Inserir parágrafo
9 - Nomear parágrafo
10 - Alterar parágrafo
11 - Remover parágrafo
0 - Sair
Escolha uma opção: Número do parágrafo: O parágrafo '11' não existe.
Menu de Edição
1 - Mudar título
2 - Listar secções
3 - Mostrar conteúdo
4 - Seleccionar secção
5 - Inserir secção
6 - Nomear secção
7 - Remover secção
8 - Inserir parágrafo
9 - Nomear parágrafo
10 - Alterar parágrafo
11 - Remover parágrafo
0 - Sair
Escolha uma opção: Número do parágrafo: Conteúdo do parágrafo: Menu de Edição
1 - Mudar título
2 - Listar secções
3 - Mostrar conteúdo
4 - Seleccionar secção
5 - Inserir secção
6 - Nomear secção
7 - Remover secção
8 - Inserir parágrafo
9 - Nomear parágrafo
10 - Alterar parágrafo
11 - Remover parágrafo
0 - Sair
Escolha uma opção: Menu Principal
1 - Novo
2 - Abrir
3 - Guardar
4 - Listar meta-informação
5 - Adicionar autor
6 - Listar secções
7 - Mostrar elemento de texto
8 - Editar
0 - Sair
Escolha uma opção: 