Menu Principal
1 - Novo
2 - Abrir
3 - Guardar
4 - Listar meta-informação
5 - Adicionar autor
6 - Listar secções
7 - Mostrar elemento de texto
8 - Editar
0 - Sair
Escolha uma opção: Opção inválida!
Menu Principal
1 - Novo
2 - Abrir
3 - Guardar
4 - Listar meta-informação
5 - Adicionar autor
6 - Listar secções
7 - Mostrar elemento de texto
8 - Editar
0 - Sair
Escolha uma opção: Menu de Edição
1 - Mudar título
2 - Listar secções
3 - Mostrar conteúdo
4 - Seleccionar secção
5 - Inserir secção
6 - Nomear secção
7 - Remover secção
8 - Inserir parágrafo
9 - Nomear parágrafo
10 - Alterar parágrafo
11 - Remover parágrafo
0 - Sair
Escolha uma opção: Menu de Edição
1 - Mudar título
2 - Listar secções
3 - Mostrar conteúdo
4 - Seleccionar secção
5 - Inserir secção
6 - Nomear secção
7 - Remover secção
8 - Inserir parágrafo
9 - Nomear parágrafo
10 - Alterar parágrafo
11 - Remover parágrafo
0 - Sair
Escolha uma opção: Número inválido: java.lang.NumberFormatException: For input string: ""
Escolha uma opção: Título da secção: Menu de Edição
1 - Mudar título
2 - Listar secções
3 - Mostrar conteúdo
4 - Seleccionar secção
5 - Inserir secção
6 - Nomear secção
7 - Remover secção
8 - Inserir parágrafo
9 - Nomear parágrafo
10 - Alterar parágrafo
11 - Remover parágrafo
0 - Sair
Escolha uma opção: Número do parágrafo: Identificador único: O parágrafo '6' não existe.
Menu de Edição
1 - Mudar título
2 - Listar secções
3 - Mostrar conteúdo
4 - Seleccionar secção
5 - Inserir secção
6 - Nomear secção
7 - Remover secção
8 - Inserir parágrafo
9 - Nomear parágrafo
10 - Alterar parágrafo
11 - Remover parágrafo
0 - Sair
Escolha uma opção: Número do parágrafo: Número inválido: java.lang.NumberFormatException: For input string: ""
Número do parágrafo: Identificador único: O parágrafo '6' não existe.
Menu de Edição
1 - Mudar título
2 - Listar secções
3 - Mostrar conteúdo
4 - Seleccionar secção
5 - Inserir secção
6 - Nomear secção
7 - Remover secção
8 - Inserir parágrafo
9 - Nomear parágrafo
10 - Alterar parágrafo
11 - Remover parágrafo
0 - Sair
Escolha uma opção: Menu de Edição
1 - Mudar título
2 - Listar secções
3 - Mostrar conteúdo
4 - Seleccionar secção
5 - Inserir secção
6 - Nomear secção
7 - Remover secção
8 - Inserir parágrafo
9 - Nomear parágrafo
10 - Alterar parágrafo
11 - Remover parágrafo
0 - Sair
Escolha uma opção: Identificador da secção: Número inválido: java.lang.NumberFormatException: For input string: ""
Identificador da secção: A secção '8' não existe.
Menu de Edição
1 - Mudar título
2 - Listar secções
3 - Mostrar conteúdo
4 - Seleccionar secção
5 - Inserir secção
6 - Nomear secção
7 - Remover secção
8 - Inserir parágrafo
9 - Nomear parágrafo
10 - Alterar parágrafo
11 - Remover parágrafo
0 - Sair
Escolha uma opção: Identificador da secção: A secção '9' não existe.
Menu de Edição
1 - Mudar título
2 - Listar secções
3 - Mostrar conteúdo
4 - Seleccionar secção
5 - Inserir secção
6 - Nomear secção
7 - Remover secção
8 - Inserir parágrafo
9 - Nomear parágrafo
10 - Alterar parágrafo
11 - Remover parágrafo
0 - Sair
Escolha uma opção: Número do parágrafo: Número inválido: java.lang.NumberFormatException: For input string: ""
Número do parágrafo: Conteúdo do parágrafo: Menu de Edição
1 - Mudar título
2 - Listar secções
3 - Mostrar conteúdo
4 - Seleccionar secção
5 - Inserir secção
6 - Nomear secção
7 - Remover secção
8 - Inserir parágrafo
9 - Nomear parágrafo
10 - Alterar parágrafo
11 - Remover parágrafo
0 - Sair
Escolha uma opção: Número do parágrafo: Conteúdo do parágrafo: Menu de Edição
1 - Mudar título
2 - Listar secções
3 - Mostrar conteúdo
4 - Seleccionar secção
5 - Inserir secção
6 - Nomear secção
7 - Remover secção
8 - Inserir parágrafo
9 - Nomear parágrafo
10 - Alterar parágrafo
11 - Remover parágrafo
0 - Sair
Escolha uma opção: Identificador da secção: Número inválido: java.lang.NumberFormatException: For input string: ""
Identificador da secção: A secção '6' não existe.
Menu de Edição
1 - Mudar título
2 - Listar secções
3 - Mostrar conteúdo
4 - Seleccionar secção
5 - Inserir secção
6 - Nomear secção
7 - Remover secção
8 - Inserir parágrafo
9 - Nomear parágrafo
10 - Alterar parágrafo
11 - Remover parágrafo
0 - Sair
Escolha uma opção: Número inválido: java.lang.NumberFormatException: For input string: ""
Escolha uma opção: Número inválido: java.lang.NumberFormatException: For input string: ""
Escolha uma opção: Título da secção: Menu de Edição
1 - Mudar título
2 - Listar secções
3 - Mostrar conteúdo
4 - Seleccionar secção
5 - Inserir secção
6 - Nomear secção
7 - Remover secção
8 - Inserir parágrafo
9 - Nomear parágrafo
10 - Alterar parágrafo
11 - Remover parágrafo
0 - Sair
Escolha uma opção: Número inválido: java.lang.NumberFormatException: For input string: ""
Escolha uma opção: Número inválido: java.lang.NumberFormatException: For input string: ""
Escolha uma opção: Identificador da secção: Título da secção: Menu de Edição
1 - Mudar título
2 - Listar secções
3 - Mostrar conteúdo
4 - Seleccionar secção
5 - Inserir secção
6 - Nomear secção
7 - Remover secção
8 - Inserir parágrafo
9 - Nomear parágrafo
10 - Alterar parágrafo
11 - Remover parágrafo
0 - Sair
Escolha uma opção: Número inválido: java.lang.NumberFormatException: For input string: ""
Escolha uma opção: Número inválido: java.lang.NumberFormatException: For input string: ""
Escolha uma opção: Identificador da secção: Identificador único: A secção '4' não existe.
Menu de Edição
1 - Mudar título
2 - Listar secções
3 - Mostrar conteúdo
4 - Seleccionar secção
5 - Inserir secção
6 - Nomear secção
7 - Remover secção
8 - Inserir parágrafo
9 - Nomear parágrafo
10 - Alterar parágrafo
11 - Remover parágrafo
0 - Sair
Escolha uma opção: Número inválido: java.lang.NumberFormatException: For input string: ""
Escolha uma opção: Número do parágrafo: Conteúdo do parágrafo: Menu de Edição
1 - Mudar título
2 - Listar secções
3 - Mostrar conteúdo
4 - Seleccionar secção
5 - Inserir secção
6 - Nomear secção
7 - Remover secção
8 - Inserir parágrafo
9 - Nomear parágrafo
10 - Alterar parágrafo
11 - Remover parágrafo
0 - Sair
Escolha uma opção: Identificador da secção: Identificador único: A secção '6' não existe.
Menu de Edição
1 - Mudar título
2 - Listar secções
3 - Mostrar conteúdo
4 - Seleccionar secção
5 - Inserir secção
6 - Nomear secção
7 - Remover secção
8 - Inserir parágrafo
9 - Nomear parágrafo
10 - Alterar parágrafo
11 - Remover parágrafo
0 - Sair
Escolha uma opção: [] {3}
Menu de Edição
1 - Mudar título
2 - Listar secções
3 - Mostrar conteúdo
4 - Seleccionar secção
5 - Inserir secção
6 - Nomear secção
7 - Remover secção
8 - Inserir parágrafo
9 - Nomear parágrafo
10 - Alterar parágrafo
11 - Remover parágrafo
0 - Sair
Escolha uma opção: Número inválido: java.lang.NumberFormatException: For input string: ""
Escolha uma opção: Identificador da secção: Título da secção: Menu de Edição
1 - Mudar título
2 - Listar secções
3 - Mostrar conteúdo
4 - Seleccionar secção
5 - Inserir secção
6 - Nomear secção
7 - Remover secção
8 - Inserir parágrafo
9 - Nomear parágrafo
10 - Alterar parágrafo
11 - Remover parágrafo
0 - Sair
Escolha uma opção: Número inválido: java.lang.NumberFormatException: For input string: ""
Escolha uma opção: Número inválido: java.lang.NumberFormatException: For input string: ""
Escolha uma opção: Número do parágrafo: Identificador único: O parágrafo '8' não existe.
Menu de Edição
1 - Mudar título
2 - Listar secções
3 - Mostrar conteúdo
4 - Seleccionar secção
5 - Inserir secção
6 - Nomear secção
7 - Remover secção
8 - Inserir parágrafo
9 - Nomear parágrafo
10 - Alterar parágrafo
11 - Remover parágrafo
0 - Sair
Escolha uma opção: Número inválido: java.lang.NumberFormatException: For input string: ""
Escolha uma opção: Identificador da secção: Identificador único: A secção '9' não existe.
Menu de Edição
1 - Mudar título
2 - Listar secções
3 - Mostrar conteúdo
4 - Seleccionar secção
5 - Inserir secção
6 - Nomear secção
7 - Remover secção
8 - Inserir parágrafo
9 - Nomear parágrafo
10 - Alterar parágrafo
11 - Remover parágrafo
0 - Sair
Escolha uma opção: Identificador da secção: Título da secção: Menu de Edição
1 - Mudar título
2 - Listar secções
3 - Mostrar conteúdo
4 - Seleccionar secção
5 - Inserir secção
6 - Nomear secção
7 - Remover secção
8 - Inserir parágrafo
9 - Nomear parágrafo
10 - Alterar parágrafo
11 - Remover parágrafo
0 - Sair
Escolha uma opção: {3}

8

[] {3}
[] {8}
[] {4}
Menu de Edição
1 - Mudar título
2 - Listar secções
3 - Mostrar conteúdo
4 - Seleccionar secção
5 - Inserir secção
6 - Nomear secção
7 - Remover secção
8 - Inserir parágrafo
9 - Nomear parágrafo
10 - Alterar parágrafo
11 - Remover parágrafo
0 - Sair
Escolha uma opção: Identificador da secção: Número inválido: java.lang.NumberFormatException: For input string: ""
Identificador da secção: Nova secção activa: '1'.
Menu de Edição
1 - Mudar título
2 - Listar secções
3 - Mostrar conteúdo
4 - Seleccionar secção
5 - Inserir secção
6 - Nomear secção
7 - Remover secção
8 - Inserir parágrafo
9 - Nomear parágrafo
10 - Alterar parágrafo
11 - Remover parágrafo
0 - Sair
Escolha uma opção: Número inválido: java.lang.NumberFormatException: For input string: ""
Escolha uma opção: Título da secção: Menu de Edição
1 - Mudar título
2 - Listar secções
3 - Mostrar conteúdo
4 - Seleccionar secção
5 - Inserir secção
6 - Nomear secção
7 - Remover secção
8 - Inserir parágrafo
9 - Nomear parágrafo
10 - Alterar parágrafo
11 - Remover parágrafo
0 - Sair
Escolha uma opção: Menu de Edição
1 - Mudar título
2 - Listar secções
3 - Mostrar conteúdo
4 - Seleccionar secção
5 - Inserir secção
6 - Nomear secção
7 - Remover secção
8 - Inserir parágrafo
9 - Nomear parágrafo
10 - Alterar parágrafo
11 - Remover parágrafo
0 - Sair
Escolha uma opção: Número inválido: java.lang.NumberFormatException: For input string: ""
Escolha uma opção: Identificador da secção: Identificador único: A secção '9' não existe.
Menu de Edição
1 - Mudar título
2 - Listar secções
3 - Mostrar conteúdo
4 - Seleccionar secção
5 - Inserir secção
6 - Nomear secção
7 - Remover secção
8 - Inserir parágrafo
9 - Nomear parágrafo
10 - Alterar parágrafo
11 - Remover parágrafo
0 - Sair
Escolha uma opção: Número inválido: java.lang.NumberFormatException: For input string: ""
Escolha uma opção: Número inválido: java.lang.NumberFormatException: For input string: ""
Escolha uma opção: Número inválido: java.lang.NumberFormatException: For input string: ""
Escolha uma opção: Título da secção: Menu de Edição
1 - Mudar título
2 - Listar secções
3 - Mostrar conteúdo
4 - Seleccionar secção
5 - Inserir secção
6 - Nomear secção
7 - Remover secção
8 - Inserir parágrafo
9 - Nomear parágrafo
10 - Alterar parágrafo
11 - Remover parágrafo
0 - Sair
Escolha uma opção: Número inválido: java.lang.NumberFormatException: For input string: ""
Escolha uma opção: Identificador da secção: Identificador único: A secção '5' não existe.
Menu de Edição
1 - Mudar título
2 - Listar secções
3 - Mostrar conteúdo
4 - Seleccionar secção
5 - Inserir secção
6 - Nomear secção
7 - Remover secção
8 - Inserir parágrafo
9 - Nomear parágrafo
10 - Alterar parágrafo
11 - Remover parágrafo
0 - Sair
Escolha uma opção: Menu de Edição
1 - Mudar título
2 - Listar secções
3 - Mostrar conteúdo
4 - Seleccionar secção
5 - Inserir secção
6 - Nomear secção
7 - Remover secção
8 - Inserir parágrafo
9 - Nomear parágrafo
10 - Alterar parágrafo
11 - Remover parágrafo
0 - Sair
Escolha uma opção: Identificador da secção: A secção '8' não existe.
Menu de Edição
1 - Mudar título
2 - Listar secções
3 - Mostrar conteúdo
4 - Seleccionar secção
5 - Inserir secção
6 - Nomear secção
7 - Remover secção
8 - Inserir parágrafo
9 - Nomear parágrafo
10 - Alterar parágrafo
11 - Remover parágrafo
0 - Sair
Escolha uma opção: Menu de Edição
1 - Mudar título
2 - Listar secções
3 - Mostrar conteúdo
4 - Seleccionar secção
5 - Inserir secção
6 - Nomear secção
7 - Remover secção
8 - Inserir parágrafo
9 - Nomear parágrafo
10 - Alterar parágrafo
11 - Remover parágrafo
0 - Sair
Escolha uma opção: Número inválido: java.lang.NumberFormatException: For input string: ""
Escolha uma opção: Identificador da secção: Número inválido: java.lang.NumberFormatException: For input string: ""
Identificador da secção: Identificador único: A secção '5' não existe.
Menu de Edição
1 - Mudar título
2 - Listar secções
3 - Mostrar conteúdo
4 - Seleccionar secção
5 - Inserir secção
6 - Nomear secção
7 - Remover secção
8 - Inserir parágrafo
9 - Nomear parágrafo
10 - Alterar parágrafo
11 - Remover parágrafo
0 - Sair
Escolha uma opção: Identificador da secção: Título da secção: Menu de Edição
1 - Mudar título
2 - Listar secções
3 - Mostrar conteúdo
4 - Seleccionar secção
5 - Inserir secção
6 - Nomear secção
7 - Remover secção
8 - Inserir parágrafo
9 - Nomear parágrafo
10 - Alterar parágrafo
11 - Remover parágrafo
0 - Sair
Escolha uma opção: Identificador da secção: Número inválido: java.lang.NumberFormatException: For input string: ""
Identificador da secção: Nova secção activa: '1'.
Menu de Edição
1 - Mudar título
2 - Listar secções
3 - Mostrar conteúdo
4 - Seleccionar secção
5 - Inserir secção
6 - Nomear secção
7 - Remover secção
8 - Inserir parágrafo
9 - Nomear parágrafo
10 - Alterar parágrafo
11 - Remover parágrafo
0 - Sair
Escolha uma opção: Identificador da secção: Título da secção: Menu de Edição
1 - Mudar título
2 - Listar secções
3 - Mostrar conteúdo
4 - Seleccionar secção
5 - Inserir secção
6 - Nomear secção
7 - Remover secção
8 - Inserir parágrafo
9 - Nomear parágrafo
10 - Alterar parágrafo
11 - Remover parágrafo
0 - Sair
Escolha uma opção: [] {6}
[] {1}
Menu de Edição
1 - Mudar título
2 - Listar secções
3 - Mostrar conteúdo
4 - Seleccionar secção
5 - Inserir secção
6 - Nomear secção
7 - Remover secção
8 - Inserir parágrafo
9 - Nomear parágrafo
10 - Alterar parágrafo
11 - Remover parágrafo
0 - Sair
Escolha uma opção: [] {1}
Menu de Edição
1 - Mudar título
2 - Listar secções
3 - Mostrar conteúdo
4 - Seleccionar secção
5 - Inserir secção
6 - Nomear secção
7 - Remover secção
8 - Inserir parágrafo
9 - Nomear parágrafo
10 - Alterar parágrafo
11 - Remover parágrafo
0 - Sair
Escolha uma opção: Número do parágrafo: Identificador único: O parágrafo '0' não existe.
Menu de Edição
1 - Mudar título
2 - Listar secções
3 - Mostrar conteúdo
4 - Seleccionar secção
5 - Inserir secção
6 - Nomear secção
7 - Remover secção
8 - Inserir parágrafo
9 - Nomear parágrafo
10 - Alterar parágrafo
11 - Remover parágrafo
0 - Sair
Escolha uma opção: Identificador da secção: Identificador único: A secção '1' não existe.
Menu de Edição
1 - Mudar título
2 - Listar secções
3 - Mostrar conteúdo
4 - Seleccionar secção
5 - Inserir secção
6 - Nomear secção
7 - Remover secção
8 - Inserir parágrafo
9 - Nomear parágrafo
10 - Alterar parágrafo
11 - Remover parágrafo
0 - Sair
Escolha uma opção: Número do parágrafo: Identificador único: O parágrafo '6' não existe.
Menu de Edição
1 - Mudar título
2 - Listar secções
3 - Mostrar conteúdo
4 - Seleccionar secção
5 - Inserir secção
6 - Nomear secção
7 - Remover secção
8 - Inserir parágrafo
9 - Nomear parágrafo
10 - Alterar parágrafo
11 - Remover parágrafo
0 - Sair
Escolha uma opção: Título da secção: Menu de Edição
1 - Mudar título
2 - Listar secções
3 - Mostrar conteúdo
4 - Seleccionar secção
5 - Inserir secção
6 - Nomear secção
7 - Remover secção
8 - Inserir parágrafo
9 - Nomear parágrafo
10 - Alterar parágrafo
11 - Remover parágrafo
0 - Sair
Escolha uma opção: Número inválido: java.lang.NumberFormatException: For input string: ""
Escolha uma opção: Número do parágrafo: Conteúdo do parágrafo: Menu de Edição
1 - Mudar título
2 - Listar secções
3 - Mostrar conteúdo
4 - Seleccionar secção
5 - Inserir secção
6 - Nomear secção
7 - Remover secção
8 - Inserir parágrafo
9 - Nomear parágrafo
10 - Alterar parágrafo
11 - Remover parágrafo
0 - Sair
Escolha uma opção: Identificador da secção: Número inválido: java.lang.NumberFormatException: For input string: ""
Identificador da secção: Número inválido: java.lang.NumberFormatException: For input string: ""
Identificador da secção: Título da secção: Menu de Edição
1 - Mudar título
2 - Listar secções
3 - Mostrar conteúdo
4 - Seleccionar secção
5 - Inserir secção
6 - Nomear secção
7 - Remover secção
8 - Inserir parágrafo
9 - Nomear parágrafo
10 - Alterar parágrafo
11 - Remover parágrafo
0 - Sair
Escolha uma opção: Identificador da secção: Número inválido: java.lang.NumberFormatException: For input string: ""
Identificador da secção: A secção '3' não existe.
Menu de Edição
1 - Mudar título
2 - Listar secções
3 - Mostrar conteúdo
4 - Seleccionar secção
5 - Inserir secção
6 - Nomear secção
7 - Remover secção
8 - Inserir parágrafo
9 - Nomear parágrafo
10 - Alterar parágrafo
11 - Remover parágrafo
0 - Sair
Escolha uma opção: Número do parágrafo: Conteúdo do parágrafo: Menu de Edição
1 - Mudar título
2 - Listar secções
3 - Mostrar conteúdo
4 - Seleccionar secção
5 - Inserir secção
6 - Nomear secção
7 - Remover secção
8 - Inserir parágrafo
9 - Nomear parágrafo
10 - Alterar parágrafo
11 - Remover parágrafo
0 - Sair
Escolha uma opção: Identificador da secção: Número inválido: java.lang.NumberFormatException: For input string: ""
Identificador da secção: Identificador único: A secção '4' não existe.
Menu de Edição
1 - Mudar título
2 - Listar secções
3 - Mostrar conteúdo
4 - Seleccionar secção
5 - Inserir secção
6 - Nomear secção
7 - Remover secção
8 - Inserir parágrafo
9 - Nomear parágrafo
10 - Alterar parágrafo
11 - Remover parágrafo
0 - Sair
Escolha uma opção: [] {6}


[] {1}
[] {}
Menu de Edição
1 - Mudar título
2 - Listar secções
3 - Mostrar conteúdo
4 - Seleccionar secção
5 - Inserir secção
6 - Nomear secção
7 - Remover secção
8 - Inserir parágrafo
9 - Nomear parágrafo
10 - Alterar parágrafo
11 - Remover parágrafo
0 - Sair
Escolha uma opção: Número do parágrafo: Número inválido: java.lang.NumberFormatException: For input string: ""
Número do parágrafo: Número inválido: java.lang.NumberFormatException: For input string: ""
Número do parágrafo: Número inválido: java.lang.NumberFormatException: For input string: ""
Número do parágrafo: Conteúdo do parágrafo: Menu de Edição
1 - Mudar título
2 - Listar secções
3 - Mostrar conteúdo
4 - Seleccionar secção
5 - Inserir secção
6 - Nomear secção
7 - Remover secção
8 - Inserir parágrafo
9 - Nomear parágrafo
10 - Alterar parágrafo
11 - Remover parágrafo
0 - Sair
Escolha uma opção: Número inválido: java.lang.NumberFormatException: For input string: ""
Escolha uma opção: Número do parágrafo: Número inválido: java.lang.NumberFormatException: For input string: ""
Número do parágrafo: Conteúdo do parágrafo: Menu de Edição
1 - Mudar título
2 - Listar secções
3 - Mostrar conteúdo
4 - Seleccionar secção
5 - Inserir secção
6 - Nomear secção
7 - Remover secção
8 - Inserir parágrafo
9 - Nomear parágrafo
10 - Alterar parágrafo
11 - Remover parágrafo
0 - Sair
Escolha uma opção: Número inválido: java.lang.NumberFormatException: For input string: ""
Escolha uma opção: Número inválido: java.lang.NumberFormatException: For input string: ""
Escolha uma opção: Título da secção: Menu de Edição
1 - Mudar título
2 - Listar secções
3 - Mostrar conteúdo
4 - Seleccionar secção
5 - Inserir secção
6 - Nomear secção
7 - Remover secção
8 - Inserir parágrafo
9 - Nomear parágrafo
10 - Alterar parágrafo
11 - Remover parágrafo
0 - Sair
Escolha uma opção: Identificador da secção: Título da secção: Menu de Edição
1 - Mudar título
2 - Listar secções
3 - Mostrar conteúdo
4 - Seleccionar secção
5 - Inserir secção
6 - Nomear secção
7 - Remover secção
8 - Inserir parágrafo
9 - Nomear parágrafo
10 - Alterar parágrafo
11 - Remover parágrafo
0 - Sair
Escolha uma opção: Menu de Edição
1 - Mudar título
2 - Listar secções
3 - Mostrar conteúdo
4 - Seleccionar secção
5 - Inserir secção
6 - Nomear secção
7 - Remover secção
8 - Inserir parágrafo
9 - Nomear parágrafo
10 - Alterar parágrafo
11 - Remover parágrafo
0 - Sair
Escolha uma opção: Número do parágrafo: Identificador único: O parágrafo '9' não existe.
Menu de Edição
1 - Mudar título
2 - Listar secções
3 - Mostrar conteúdo
4 - Seleccionar secção
5 - Inserir secção
6 - Nomear secção
7 - Remover secção
8 - Inserir parágrafo
9 - Nomear parágrafo
10 - Alterar parágrafo
11 - Remover parágrafo
0 - Sair
Escolha uma opção: Identificador da secção: A secção '4' não existe.
Menu de Edição
1 - Mudar título
2 - Listar secções
3 - Mostrar conteúdo
4 - Seleccionar secção
5 - Inserir secção
6 - Nomear secção
7 - Remover secção
8 - Inserir parágrafo
9 - Nomear parágrafo
10 - Alterar parágrafo
11 - Remover parágrafo
0 - Sair
Escolha uma opção: {3}

8

[] {3}
[] {}



0
[] {1}
[] {}
[] {6}
[] {4}
[] {9}
Menu de Edição
1 - Mudar título
2 - Listar secções
3 - Mostrar conteúdo
4 - Seleccionar secção
5 - Inserir secção
6 - Nomear secção
7 - Remover secção
8 - Inserir parágrafo
9 - Nomear parágrafo
10 - Alterar parágrafo
11 - Remover parágrafo
0 - Sair
Escolha uma opção: [] {3}
[] {}
[] {1}
[] {}
[] {6}
[] {4}
[] {9}
Menu de Edição
1 - Mudar título
2 - Listar secções
3 - Mostrar conteúdo
4 - Seleccionar secção
5 - Inserir secção
6 - Nomear secção
7 - Remover secção
8 - Inserir parágrafo
9 - Nomear parágrafo
10 - Alterar parágrafo
11 - Remover parágrafo
0 - Sair
Escolha uma opção: Identificador da secção: Identificador único: A secção '8' não existe.
Menu de Edição
1 - Mudar título
2 - Listar secções
3 - Mostrar conteúdo
4 - Seleccionar secção
5 - Inserir secção
6 - Nomear secção
7 - Remover secção
8 - Inserir parágrafo
9 - Nomear parágrafo
10 - Alterar parágrafo
11 - Remover parágrafo
0 - Sair
Escolha uma opção: [] {3}
[] {}
[] {1}
[] {}
[] {6}
[] {4}
[] {9}
Menu de Edição
1 - Mudar título
2 - Listar secções
3 - Mostrar conteúdo
4 - Seleccionar secção
5 - Inserir secção
6 - Nomear secção
7 - Remover secção
8 - Inserir parágrafo
9 - Nomear parágrafo
10 - Alterar parágrafo
11 - Remover parágrafo
0 - Sair
Escolha uma opção: Identificador da secção: Identificador único: A secção '9' não existe.
Menu de Edição
1 - Mudar título
2 - Listar secções
3 - Mostrar conteúdo
4 - Seleccionar secção
5 - Inserir secção
6 - Nomear secção
7 - Remover secção
8 - Inserir parágrafo
9 - Nomear parágrafo
10 - Alterar parágrafo
11 - Remover parágrafo
0 - Sair
Escolha uma opção: Menu Principal
1 - Novo
2 - Abrir
3 - Guardar
4 - Listar meta-informação
5 - Adicionar autor
6 - Listar secções
7 - Mostrar elemento de texto
8 - Editar
0 - Sair
Escolha uma opção: Número inválido: java.lang.NumberFormatException: For input string: ""
Escolha uma opção: Ficheiro a abrir: Menu Principal
1 - Novo
2 - Abrir
3 - Guardar
4 - Listar meta-informação
5 - Adicionar autor
6 - Listar secções
7 - Mostrar elemento de texto
8 - Editar
0 - Sair
Escolha uma opção: Menu de Edição
1 - Mudar título
2 - Listar secções
3 - Mostrar conteúdo
4 - Seleccionar secção
5 - Inserir secção
6 - Nomear secção
7 - Remover secção
8 - Inserir parágrafo
9 - Nomear parágrafo
10 - Alterar parágrafo
11 - Remover parágrafo
0 - Sair
Escolha uma opção: Identificador da secção: Número inválido: java.lang.NumberFormatException: For input string: ""
Identificador da secção: Identificador único: Menu de Edição
1 - Mudar título
2 - Listar secções
3 - Mostrar conteúdo
4 - Seleccionar secção
5 - Inserir secção
6 - Nomear secção
7 - Remover secção
8 - Inserir parágrafo
9 - Nomear parágrafo
10 - Alterar parágrafo
11 - Remover parágrafo
0 - Sair
Escolha uma opção: Número inválido: java.lang.NumberFormatException: For input string: ""
Escolha uma opção: Menu Principal
1 - Novo
2 - Abrir
3 - Guardar
4 - Listar meta-informação
5 - Adicionar autor
6 - Listar secções
7 - Mostrar elemento de texto
8 - Editar
0 - Sair
Escolha uma opção: Menu Principal
1 - Novo
2 - Abrir
3 - Guardar
4 - Listar meta-informação
5 - Adicionar autor
6 - Listar secções
7 - Mostrar elemento de texto
8 - Editar
0 - Sair
Escolha uma opção: 