Menu Principal
1 - Novo
2 - Abrir
3 - Guardar
4 - Listar meta-informação
5 - Adicionar autor
6 - Listar secções
7 - Mostrar elemento de texto
8 - Editar
0 - Sair
Escolha uma opção: Ficheiro a abrir: Menu Principal
1 - Novo
2 - Abrir
3 - Guardar
4 - Listar meta-informação
5 - Adicionar autor
6 - Listar secções
7 - Mostrar elemento de texto
8 - Editar
0 - Sair
Escolha uma opção: Título: Objects in Space
Autor: Obi-Wan Kenobi/ob1@tatooine.geocities.com
Secções de topo: 3
Dimensão do documento (bytes): 347
Identificadores únicos: 0
Menu Principal
1 - Novo
2 - Abrir
3 - Guardar
4 - Listar meta-informação
5 - Adicionar autor
6 - Listar secções
7 - Mostrar elemento de texto
8 - Editar
0 - Sair
Escolha uma opção: Título: Objects in Space
Autor: Obi-Wan Kenobi/ob1@tatooine.geocities.com
Secções de topo: 3
Dimensão do documento (bytes): 347
Identificadores únicos: 0
Menu Principal
1 - Novo
2 - Abrir
3 - Guardar
4 - Listar meta-informação
5 - Adicionar autor
6 - Listar secções
7 - Mostrar elemento de texto
8 - Editar
0 - Sair
Escolha uma opção: 