Menu Principal
1 - Novo
2 - Abrir
3 - Guardar
4 - Listar meta-informação
5 - Adicionar autor
6 - Listar secções
7 - Mostrar elemento de texto
8 - Editar
0 - Sair
Escolha uma opção: Título: Objects in Space
Autor: Luke Skywalker/luke@jedi.org
Autor: Master Yoda/yoda@dagobah.net
Autor: Obi-Wan Kenobi/ob1@tatooine.geocities.com
Secções de topo: 1
Dimensão do documento (bytes): 36
Identificadores únicos: 0
Menu Principal
1 - Novo
2 - Abrir
3 - Guardar
4 - Listar meta-informação
5 - Adicionar autor
6 - Listar secções
7 - Mostrar elemento de texto
8 - Editar
0 - Sair
Escolha uma opção: 