Menu Principal
1 - Novo
2 - Abrir
3 - Guardar
4 - Listar meta-informação
5 - Adicionar autor
6 - Listar secções
7 - Mostrar elemento de texto
8 - Editar
0 - Sair
Escolha uma opção: Número inválido: java.lang.NumberFormatException: For input string: ""
Escolha uma opção: Menu Principal
1 - Novo
2 - Abrir
3 - Guardar
4 - Listar meta-informação
5 - Adicionar autor
6 - Listar secções
7 - Mostrar elemento de texto
8 - Editar
0 - Sair
Escolha uma opção: {}
Menu Principal
1 - Novo
2 - Abrir
3 - Guardar
4 - Listar meta-informação
5 - Adicionar autor
6 - Listar secções
7 - Mostrar elemento de texto
8 - Editar
0 - Sair
Escolha uma opção: {}
Menu Principal
1 - Novo
2 - Abrir
3 - Guardar
4 - Listar meta-informação
5 - Adicionar autor
6 - Listar secções
7 - Mostrar elemento de texto
8 - Editar
0 - Sair
Escolha uma opção: Número inválido: java.lang.NumberFormatException: For input string: ""
Escolha uma opção: Ficheiro a abrir: Menu Principal
1 - Novo
2 - Abrir
3 - Guardar
4 - Listar meta-informação
5 - Adicionar autor
6 - Listar secções
7 - Mostrar elemento de texto
8 - Editar
0 - Sair
Escolha uma opção: Nome do autor: Email do autor: Menu Principal
1 - Novo
2 - Abrir
3 - Guardar
4 - Listar meta-informação
5 - Adicionar autor
6 - Listar secções
7 - Mostrar elemento de texto
8 - Editar
0 - Sair
Escolha uma opção: {}
Menu Principal
1 - Novo
2 - Abrir
3 - Guardar
4 - Listar meta-informação
5 - Adicionar autor
6 - Listar secções
7 - Mostrar elemento de texto
8 - Editar
0 - Sair
Escolha uma opção: Número inválido: java.lang.NumberFormatException: For input string: ""
Escolha uma opção: Nome do autor: Email do autor: Menu Principal
1 - Novo
2 - Abrir
3 - Guardar
4 - Listar meta-informação
5 - Adicionar autor
6 - Listar secções
7 - Mostrar elemento de texto
8 - Editar
0 - Sair
Escolha uma opção: Número inválido: java.lang.NumberFormatException: For input string: ""
Escolha uma opção: Menu Principal
1 - Novo
2 - Abrir
3 - Guardar
4 - Listar meta-informação
5 - Adicionar autor
6 - Listar secções
7 - Mostrar elemento de texto
8 - Editar
0 - Sair
Escolha uma opção: Ficheiro a abrir: Menu Principal
1 - Novo
2 - Abrir
3 - Guardar
4 - Listar meta-informação
5 - Adicionar autor
6 - Listar secções
7 - Mostrar elemento de texto
8 - Editar
0 - Sair
Escolha uma opção: Opção inválida!
Menu Principal
1 - Novo
2 - Abrir
3 - Guardar
4 - Listar meta-informação
5 - Adicionar autor
6 - Listar secções
7 - Mostrar elemento de texto
8 - Editar
0 - Sair
Escolha uma opção: Opção inválida!
Menu Principal
1 - Novo
2 - Abrir
3 - Guardar
4 - Listar meta-informação
5 - Adicionar autor
6 - Listar secções
7 - Mostrar elemento de texto
8 - Editar
0 - Sair
Escolha uma opção: Número inválido: java.lang.NumberFormatException: For input string: ""
Escolha uma opção: Opção inválida!
Menu Principal
1 - Novo
2 - Abrir
3 - Guardar
4 - Listar meta-informação
5 - Adicionar autor
6 - Listar secções
7 - Mostrar elemento de texto
8 - Editar
0 - Sair
Escolha uma opção: Nome do autor: Email do autor: Menu Principal
1 - Novo
2 - Abrir
3 - Guardar
4 - Listar meta-informação
5 - Adicionar autor
6 - Listar secções
7 - Mostrar elemento de texto
8 - Editar
0 - Sair
Escolha uma opção: Opção inválida!
Menu Principal
1 - Novo
2 - Abrir
3 - Guardar
4 - Listar meta-informação
5 - Adicionar autor
6 - Listar secções
7 - Mostrar elemento de texto
8 - Editar
0 - Sair
Escolha uma opção: Menu Principal
1 - Novo
2 - Abrir
3 - Guardar
4 - Listar meta-informação
5 - Adicionar autor
6 - Listar secções
7 - Mostrar elemento de texto
8 - Editar
0 - Sair
Escolha uma opção: Menu Principal
1 - Novo
2 - Abrir
3 - Guardar
4 - Listar meta-informação
5 - Adicionar autor
6 - Listar secções
7 - Mostrar elemento de texto
8 - Editar
0 - Sair
Escolha uma opção: Ficheiro a abrir: Menu Principal
1 - Novo
2 - Abrir
3 - Guardar
4 - Listar meta-informação
5 - Adicionar autor
6 - Listar secções
7 - Mostrar elemento de texto
8 - Editar
0 - Sair
Escolha uma opção: Título: 
Autor: /
Secções de topo: 3
Dimensão do documento (bytes): 63
Identificadores únicos: 5
Menu Principal
1 - Novo
2 - Abrir
3 - Guardar
4 - Listar meta-informação
5 - Adicionar autor
6 - Listar secções
7 - Mostrar elemento de texto
8 - Editar
0 - Sair
Escolha uma opção: Número inválido: java.lang.NumberFormatException: For input string: ""
Escolha uma opção: {}
[] {}
[] {}
[] {2}
Menu Principal
1 - Novo
2 - Abrir
3 - Guardar
4 - Listar meta-informação
5 - Adicionar autor
6 - Listar secções
7 - Mostrar elemento de texto
8 - Editar
0 - Sair
Escolha uma opção: Menu de Edição
1 - Mudar título
2 - Listar secções
3 - Mostrar conteúdo
4 - Seleccionar secção
5 - Inserir secção
6 - Nomear secção
7 - Remover secção
8 - Inserir parágrafo
9 - Nomear parágrafo
10 - Alterar parágrafo
11 - Remover parágrafo
0 - Sair
Escolha uma opção: Número inválido: java.lang.NumberFormatException: For input string: ""
Escolha uma opção: Número inválido: java.lang.NumberFormatException: For input string: ""
Escolha uma opção: {}

6
11
8

[] {}
[] {}
1

2

[] {3}
[6] {5}
[] {6}
1


[] {5}
[] {1}
[8] {6}
[] {8}
11
11

3

5
3
[] {}
[] {}
[] {11}
[] {2}
8

2
11

[] {3}
6
3
3
3
[] {11}
[] {3}
[] {6}
[] {1}
[] {1}
[] {5}
[] {}
[] {2}
1
8
5
1
[] {}
[] {1}
[] {}
[] {5}
[] {5}
[] {3}
11
4
[] {}
[] {1}
[] {1}
[] {8}
[] {5}
[] {8}
[5] {4}
[] {}
[] {2}
[] {4}
[4] {6}
[] {3}
[] {2}
Menu de Edição
1 - Mudar título
2 - Listar secções
3 - Mostrar conteúdo
4 - Seleccionar secção
5 - Inserir secção
6 - Nomear secção
7 - Remover secção
8 - Inserir parágrafo
9 - Nomear parágrafo
10 - Alterar parágrafo
11 - Remover parágrafo
0 - Sair
Escolha uma opção: Número do parágrafo: Menu de Edição
1 - Mudar título
2 - Listar secções
3 - Mostrar conteúdo
4 - Seleccionar secção
5 - Inserir secção
6 - Nomear secção
7 - Remover secção
8 - Inserir parágrafo
9 - Nomear parágrafo
10 - Alterar parágrafo
11 - Remover parágrafo
0 - Sair
Escolha uma opção: Identificador da secção: A secção '3' não existe.
Menu de Edição
1 - Mudar título
2 - Listar secções
3 - Mostrar conteúdo
4 - Seleccionar secção
5 - Inserir secção
6 - Nomear secção
7 - Remover secção
8 - Inserir parágrafo
9 - Nomear parágrafo
10 - Alterar parágrafo
11 - Remover parágrafo
0 - Sair
Escolha uma opção: Número inválido: java.lang.NumberFormatException: For input string: ""
Escolha uma opção: [] {}
[] {}
[] {3}
[6] {5}
[] {6}
[] {5}
[] {1}
[8] {6}
[] {8}
[] {}
[] {}
[] {11}
[] {2}
[] {3}
[] {11}
[] {3}
[] {6}
[] {1}
[] {1}
[] {5}
[] {}
[] {2}
[] {}
[] {1}
[] {}
[] {5}
[] {5}
[] {3}
[] {}
[] {1}
[] {1}
[] {8}
[] {5}
[] {8}
[5] {4}
[] {}
[] {2}
[] {4}
[4] {6}
[] {3}
[] {2}
Menu de Edição
1 - Mudar título
2 - Listar secções
3 - Mostrar conteúdo
4 - Seleccionar secção
5 - Inserir secção
6 - Nomear secção
7 - Remover secção
8 - Inserir parágrafo
9 - Nomear parágrafo
10 - Alterar parágrafo
11 - Remover parágrafo
0 - Sair
Escolha uma opção: Identificador da secção: A secção '4' não existe.
Menu de Edição
1 - Mudar título
2 - Listar secções
3 - Mostrar conteúdo
4 - Seleccionar secção
5 - Inserir secção
6 - Nomear secção
7 - Remover secção
8 - Inserir parágrafo
9 - Nomear parágrafo
10 - Alterar parágrafo
11 - Remover parágrafo
0 - Sair
Escolha uma opção: Número inválido: java.lang.NumberFormatException: For input string: ""
Escolha uma opção: Número inválido: java.lang.NumberFormatException: For input string: ""
Escolha uma opção: Número do parágrafo: Número inválido: java.lang.NumberFormatException: For input string: ""
Número do parágrafo: Identificador único: O parágrafo '4' não existe.
Menu de Edição
1 - Mudar título
2 - Listar secções
3 - Mostrar conteúdo
4 - Seleccionar secção
5 - Inserir secção
6 - Nomear secção
7 - Remover secção
8 - Inserir parágrafo
9 - Nomear parágrafo
10 - Alterar parágrafo
11 - Remover parágrafo
0 - Sair
Escolha uma opção: Número do parágrafo: O parágrafo '6' não existe.
Menu de Edição
1 - Mudar título
2 - Listar secções
3 - Mostrar conteúdo
4 - Seleccionar secção
5 - Inserir secção
6 - Nomear secção
7 - Remover secção
8 - Inserir parágrafo
9 - Nomear parágrafo
10 - Alterar parágrafo
11 - Remover parágrafo
0 - Sair
Escolha uma opção: Identificador da secção: A secção '9' não existe.
Menu de Edição
1 - Mudar título
2 - Listar secções
3 - Mostrar conteúdo
4 - Seleccionar secção
5 - Inserir secção
6 - Nomear secção
7 - Remover secção
8 - Inserir parágrafo
9 - Nomear parágrafo
10 - Alterar parágrafo
11 - Remover parágrafo
0 - Sair
Escolha uma opção: Título da secção: Menu de Edição
1 - Mudar título
2 - Listar secções
3 - Mostrar conteúdo
4 - Seleccionar secção
5 - Inserir secção
6 - Nomear secção
7 - Remover secção
8 - Inserir parágrafo
9 - Nomear parágrafo
10 - Alterar parágrafo
11 - Remover parágrafo
0 - Sair
Escolha uma opção: Número do parágrafo: Conteúdo do parágrafo: Menu de Edição
1 - Mudar título
2 - Listar secções
3 - Mostrar conteúdo
4 - Seleccionar secção
5 - Inserir secção
6 - Nomear secção
7 - Remover secção
8 - Inserir parágrafo
9 - Nomear parágrafo
10 - Alterar parágrafo
11 - Remover parágrafo
0 - Sair
Escolha uma opção: Número do parágrafo: O parágrafo '6' não existe.
Menu de Edição
1 - Mudar título
2 - Listar secções
3 - Mostrar conteúdo
4 - Seleccionar secção
5 - Inserir secção
6 - Nomear secção
7 - Remover secção
8 - Inserir parágrafo
9 - Nomear parágrafo
10 - Alterar parágrafo
11 - Remover parágrafo
0 - Sair
Escolha uma opção: Identificador da secção: Título da secção: Menu de Edição
1 - Mudar título
2 - Listar secções
3 - Mostrar conteúdo
4 - Seleccionar secção
5 - Inserir secção
6 - Nomear secção
7 - Remover secção
8 - Inserir parágrafo
9 - Nomear parágrafo
10 - Alterar parágrafo
11 - Remover parágrafo
0 - Sair
Escolha uma opção: Número do parágrafo: Identificador único: Menu de Edição
1 - Mudar título
2 - Listar secções
3 - Mostrar conteúdo
4 - Seleccionar secção
5 - Inserir secção
6 - Nomear secção
7 - Remover secção
8 - Inserir parágrafo
9 - Nomear parágrafo
10 - Alterar parágrafo
11 - Remover parágrafo
0 - Sair
Escolha uma opção: Número do parágrafo: O parágrafo '8' não existe.
Menu de Edição
1 - Mudar título
2 - Listar secções
3 - Mostrar conteúdo
4 - Seleccionar secção
5 - Inserir secção
6 - Nomear secção
7 - Remover secção
8 - Inserir parágrafo
9 - Nomear parágrafo
10 - Alterar parágrafo
11 - Remover parágrafo
0 - Sair
Escolha uma opção: Número do parágrafo: Número inválido: java.lang.NumberFormatException: For input string: ""
Número do parágrafo: O parágrafo '11' não existe.
Menu de Edição
1 - Mudar título
2 - Listar secções
3 - Mostrar conteúdo
4 - Seleccionar secção
5 - Inserir secção
6 - Nomear secção
7 - Remover secção
8 - Inserir parágrafo
9 - Nomear parágrafo
10 - Alterar parágrafo
11 - Remover parágrafo
0 - Sair
Escolha uma opção: Identificador da secção: Nova secção activa: '3'.
Menu de Edição
1 - Mudar título
2 - Listar secções
3 - Mostrar conteúdo
4 - Seleccionar secção
5 - Inserir secção
6 - Nomear secção
7 - Remover secção
8 - Inserir parágrafo
9 - Nomear parágrafo
10 - Alterar parágrafo
11 - Remover parágrafo
0 - Sair
Escolha uma opção: Identificador da secção: Título da secção: Menu de Edição
1 - Mudar título
2 - Listar secções
3 - Mostrar conteúdo
4 - Seleccionar secção
5 - Inserir secção
6 - Nomear secção
7 - Remover secção
8 - Inserir parágrafo
9 - Nomear parágrafo
10 - Alterar parágrafo
11 - Remover parágrafo
0 - Sair
Escolha uma opção: Número do parágrafo: Conteúdo do parágrafo: Menu de Edição
1 - Mudar título
2 - Listar secções
3 - Mostrar conteúdo
4 - Seleccionar secção
5 - Inserir secção
6 - Nomear secção
7 - Remover secção
8 - Inserir parágrafo
9 - Nomear parágrafo
10 - Alterar parágrafo
11 - Remover parágrafo
0 - Sair
Escolha uma opção: Título da secção: Menu de Edição
1 - Mudar título
2 - Listar secções
3 - Mostrar conteúdo
4 - Seleccionar secção
5 - Inserir secção
6 - Nomear secção
7 - Remover secção
8 - Inserir parágrafo
9 - Nomear parágrafo
10 - Alterar parágrafo
11 - Remover parágrafo
0 - Sair
Escolha uma opção: [] {9}
6
[] {1}
Menu de Edição
1 - Mudar título
2 - Listar secções
3 - Mostrar conteúdo
4 - Seleccionar secção
5 - Inserir secção
6 - Nomear secção
7 - Remover secção
8 - Inserir parágrafo
9 - Nomear parágrafo
10 - Alterar parágrafo
11 - Remover parágrafo
0 - Sair
Escolha uma opção: Identificador da secção: Número inválido: java.lang.NumberFormatException: For input string: ""
Identificador da secção: Identificador único: A secção '6' não existe.
Menu de Edição
1 - Mudar título
2 - Listar secções
3 - Mostrar conteúdo
4 - Seleccionar secção
5 - Inserir secção
6 - Nomear secção
7 - Remover secção
8 - Inserir parágrafo
9 - Nomear parágrafo
10 - Alterar parágrafo
11 - Remover parágrafo
0 - Sair
Escolha uma opção: Número do parágrafo: Conteúdo do parágrafo: Menu de Edição
1 - Mudar título
2 - Listar secções
3 - Mostrar conteúdo
4 - Seleccionar secção
5 - Inserir secção
6 - Nomear secção
7 - Remover secção
8 - Inserir parágrafo
9 - Nomear parágrafo
10 - Alterar parágrafo
11 - Remover parágrafo
0 - Sair
Escolha uma opção: [] {9}
6

[] {1}
Menu de Edição
1 - Mudar título
2 - Listar secções
3 - Mostrar conteúdo
4 - Seleccionar secção
5 - Inserir secção
6 - Nomear secção
7 - Remover secção
8 - Inserir parágrafo
9 - Nomear parágrafo
10 - Alterar parágrafo
11 - Remover parágrafo
0 - Sair
Escolha uma opção: Identificador da secção: Título da secção: Menu de Edição
1 - Mudar título
2 - Listar secções
3 - Mostrar conteúdo
4 - Seleccionar secção
5 - Inserir secção
6 - Nomear secção
7 - Remover secção
8 - Inserir parágrafo
9 - Nomear parágrafo
10 - Alterar parágrafo
11 - Remover parágrafo
0 - Sair
Escolha uma opção: Número do parágrafo: O parágrafo '4' não existe.
Menu de Edição
1 - Mudar título
2 - Listar secções
3 - Mostrar conteúdo
4 - Seleccionar secção
5 - Inserir secção
6 - Nomear secção
7 - Remover secção
8 - Inserir parágrafo
9 - Nomear parágrafo
10 - Alterar parágrafo
11 - Remover parágrafo
0 - Sair
Escolha uma opção: Número do parágrafo: Identificador único: O parágrafo '5' não existe.
Menu de Edição
1 - Mudar título
2 - Listar secções
3 - Mostrar conteúdo
4 - Seleccionar secção
5 - Inserir secção
6 - Nomear secção
7 - Remover secção
8 - Inserir parágrafo
9 - Nomear parágrafo
10 - Alterar parágrafo
11 - Remover parágrafo
0 - Sair
Escolha uma opção: Número do parágrafo: O parágrafo '3' não existe.
Menu de Edição
1 - Mudar título
2 - Listar secções
3 - Mostrar conteúdo
4 - Seleccionar secção
5 - Inserir secção
6 - Nomear secção
7 - Remover secção
8 - Inserir parágrafo
9 - Nomear parágrafo
10 - Alterar parágrafo
11 - Remover parágrafo
0 - Sair
Escolha uma opção: [] {9}
6

[] {1}
[] {8}
Menu de Edição
1 - Mudar título
2 - Listar secções
3 - Mostrar conteúdo
4 - Seleccionar secção
5 - Inserir secção
6 - Nomear secção
7 - Remover secção
8 - Inserir parágrafo
9 - Nomear parágrafo
10 - Alterar parágrafo
11 - Remover parágrafo
0 - Sair
Escolha uma opção: Título da secção: Menu de Edição
1 - Mudar título
2 - Listar secções
3 - Mostrar conteúdo
4 - Seleccionar secção
5 - Inserir secção
6 - Nomear secção
7 - Remover secção
8 - Inserir parágrafo
9 - Nomear parágrafo
10 - Alterar parágrafo
11 - Remover parágrafo
0 - Sair
Escolha uma opção: [] {5}
6

[] {1}
[] {8}
Menu de Edição
1 - Mudar título
2 - Listar secções
3 - Mostrar conteúdo
4 - Seleccionar secção
5 - Inserir secção
6 - Nomear secção
7 - Remover secção
8 - Inserir parágrafo
9 - Nomear parágrafo
10 - Alterar parágrafo
11 - Remover parágrafo
0 - Sair
Escolha uma opção: Identificador da secção: Identificador único: A secção '11' não existe.
Menu de Edição
1 - Mudar título
2 - Listar secções
3 - Mostrar conteúdo
4 - Seleccionar secção
5 - Inserir secção
6 - Nomear secção
7 - Remover secção
8 - Inserir parágrafo
9 - Nomear parágrafo
10 - Alterar parágrafo
11 - Remover parágrafo
0 - Sair
Escolha uma opção: Número inválido: java.lang.NumberFormatException: For input string: ""
Escolha uma opção: Identificador da secção: Identificador único: A secção '3' não existe.
Menu de Edição
1 - Mudar título
2 - Listar secções
3 - Mostrar conteúdo
4 - Seleccionar secção
5 - Inserir secção
6 - Nomear secção
7 - Remover secção
8 - Inserir parágrafo
9 - Nomear parágrafo
10 - Alterar parágrafo
11 - Remover parágrafo
0 - Sair
Escolha uma opção: Identificador da secção: Título da secção: Menu de Edição
1 - Mudar título
2 - Listar secções
3 - Mostrar conteúdo
4 - Seleccionar secção
5 - Inserir secção
6 - Nomear secção
7 - Remover secção
8 - Inserir parágrafo
9 - Nomear parágrafo
10 - Alterar parágrafo
11 - Remover parágrafo
0 - Sair
Escolha uma opção: Número do parágrafo: Conteúdo do parágrafo: Menu de Edição
1 - Mudar título
2 - Listar secções
3 - Mostrar conteúdo
4 - Seleccionar secção
5 - Inserir secção
6 - Nomear secção
7 - Remover secção
8 - Inserir parágrafo
9 - Nomear parágrafo
10 - Alterar parágrafo
11 - Remover parágrafo
0 - Sair
Escolha uma opção: Menu de Edição
1 - Mudar título
2 - Listar secções
3 - Mostrar conteúdo
4 - Seleccionar secção
5 - Inserir secção
6 - Nomear secção
7 - Remover secção
8 - Inserir parágrafo
9 - Nomear parágrafo
10 - Alterar parágrafo
11 - Remover parágrafo
0 - Sair
Escolha uma opção: Número do parágrafo: Identificador único: Menu de Edição
1 - Mudar título
2 - Listar secções
3 - Mostrar conteúdo
4 - Seleccionar secção
5 - Inserir secção
6 - Nomear secção
7 - Remover secção
8 - Inserir parágrafo
9 - Nomear parágrafo
10 - Alterar parágrafo
11 - Remover parágrafo
0 - Sair
Escolha uma opção: Identificador da secção: Título da secção: Menu de Edição
1 - Mudar título
2 - Listar secções
3 - Mostrar conteúdo
4 - Seleccionar secção
5 - Inserir secção
6 - Nomear secção
7 - Remover secção
8 - Inserir parágrafo
9 - Nomear parágrafo
10 - Alterar parágrafo
11 - Remover parágrafo
0 - Sair
Escolha uma opção: Número inválido: java.lang.NumberFormatException: For input string: ""
Escolha uma opção: Identificador da secção: A secção '9' não existe.
Menu de Edição
1 - Mudar título
2 - Listar secções
3 - Mostrar conteúdo
4 - Seleccionar secção
5 - Inserir secção
6 - Nomear secção
7 - Remover secção
8 - Inserir parágrafo
9 - Nomear parágrafo
10 - Alterar parágrafo
11 - Remover parágrafo
0 - Sair
Escolha uma opção: Número do parágrafo: Menu de Edição
1 - Mudar título
2 - Listar secções
3 - Mostrar conteúdo
4 - Seleccionar secção
5 - Inserir secção
6 - Nomear secção
7 - Remover secção
8 - Inserir parágrafo
9 - Nomear parágrafo
10 - Alterar parágrafo
11 - Remover parágrafo
0 - Sair
Escolha uma opção: Número do parágrafo: Identificador único: O nome do parágrafo foi alterado.
Menu de Edição
1 - Mudar título
2 - Listar secções
3 - Mostrar conteúdo
4 - Seleccionar secção
5 - Inserir secção
6 - Nomear secção
7 - Remover secção
8 - Inserir parágrafo
9 - Nomear parágrafo
10 - Alterar parágrafo
11 - Remover parágrafo
0 - Sair
Escolha uma opção: {2}
6
11
8

[] {}
[] {}
1

2

[] {3}
[6] {5}
[] {6}
1


[] {5}
[] {1}
[8] {6}
[] {8}
11
11

3

5
3
[] {}
[] {}
[] {11}
[] {2}
8

2
11

[] {3}
6
3
3
3
[] {11}
[] {3}
[] {6}
[] {1}
[] {1}
[] {5}
[] {}
[] {2}
1
8
5
1
[] {}
[] {1}
[] {}
[] {5}
[] {5}
[] {3}
11
4
[] {}
[] {1}
[] {1}
[] {8}
[] {5}
[] {8}
[5] {4}
[] {}
[] {2}
[] {4}
[4] {6}
[] {3}
[] {2}
[] {5}
6
1

[] {1}
[] {8}
[] {1}
[] {2}
Menu de Edição
1 - Mudar título
2 - Listar secções
3 - Mostrar conteúdo
4 - Seleccionar secção
5 - Inserir secção
6 - Nomear secção
7 - Remover secção
8 - Inserir parágrafo
9 - Nomear parágrafo
10 - Alterar parágrafo
11 - Remover parágrafo
0 - Sair
Escolha uma opção: Título da secção: Menu de Edição
1 - Mudar título
2 - Listar secções
3 - Mostrar conteúdo
4 - Seleccionar secção
5 - Inserir secção
6 - Nomear secção
7 - Remover secção
8 - Inserir parágrafo
9 - Nomear parágrafo
10 - Alterar parágrafo
11 - Remover parágrafo
0 - Sair
Escolha uma opção: Número inválido: java.lang.NumberFormatException: For input string: ""
Escolha uma opção: {9}
6
11
8

[] {}
[] {}
1

2

[] {3}
[6] {5}
[] {6}
1


[] {5}
[] {1}
[8] {6}
[] {8}
11
11

3

5
3
[] {}
[] {}
[] {11}
[] {2}
8

2
11

[] {3}
6
3
3
3
[] {11}
[] {3}
[] {6}
[] {1}
[] {1}
[] {5}
[] {}
[] {2}
1
8
5
1
[] {}
[] {1}
[] {}
[] {5}
[] {5}
[] {3}
11
4
[] {}
[] {1}
[] {1}
[] {8}
[] {5}
[] {8}
[5] {4}
[] {}
[] {2}
[] {4}
[4] {6}
[] {3}
[] {2}
[] {5}
6
1

[] {1}
[] {8}
[] {1}
[] {2}
Menu de Edição
1 - Mudar título
2 - Listar secções
3 - Mostrar conteúdo
4 - Seleccionar secção
5 - Inserir secção
6 - Nomear secção
7 - Remover secção
8 - Inserir parágrafo
9 - Nomear parágrafo
10 - Alterar parágrafo
11 - Remover parágrafo
0 - Sair
Escolha uma opção: Identificador da secção: Título da secção: Menu de Edição
1 - Mudar título
2 - Listar secções
3 - Mostrar conteúdo
4 - Seleccionar secção
5 - Inserir secção
6 - Nomear secção
7 - Remover secção
8 - Inserir parágrafo
9 - Nomear parágrafo
10 - Alterar parágrafo
11 - Remover parágrafo
0 - Sair
Escolha uma opção: Identificador da secção: Nova secção activa: '2'.
Menu de Edição
1 - Mudar título
2 - Listar secções
3 - Mostrar conteúdo
4 - Seleccionar secção
5 - Inserir secção
6 - Nomear secção
7 - Remover secção
8 - Inserir parágrafo
9 - Nomear parágrafo
10 - Alterar parágrafo
11 - Remover parágrafo
0 - Sair
Escolha uma opção: Número do parágrafo: Identificador único: O parágrafo '5' não existe.
Menu de Edição
1 - Mudar título
2 - Listar secções
3 - Mostrar conteúdo
4 - Seleccionar secção
5 - Inserir secção
6 - Nomear secção
7 - Remover secção
8 - Inserir parágrafo
9 - Nomear parágrafo
10 - Alterar parágrafo
11 - Remover parágrafo
0 - Sair
Escolha uma opção: Número do parágrafo: Conteúdo do parágrafo: Menu de Edição
1 - Mudar título
2 - Listar secções
3 - Mostrar conteúdo
4 - Seleccionar secção
5 - Inserir secção
6 - Nomear secção
7 - Remover secção
8 - Inserir parágrafo
9 - Nomear parágrafo
10 - Alterar parágrafo
11 - Remover parágrafo
0 - Sair
Escolha uma opção: Número inválido: java.lang.NumberFormatException: For input string: ""
Escolha uma opção: Menu de Edição
1 - Mudar título
2 - Listar secções
3 - Mostrar conteúdo
4 - Seleccionar secção
5 - Inserir secção
6 - Nomear secção
7 - Remover secção
8 - Inserir parágrafo
9 - Nomear parágrafo
10 - Alterar parágrafo
11 - Remover parágrafo
0 - Sair
Escolha uma opção: {9}
6
11
8

[] {}
[] {0}
[] {}
1

2

0
[] {3}
[6] {5}
[] {6}
1


[] {5}
[] {1}
[8] {6}
[] {8}
11
11

3

5
3
[] {}
[] {}
[] {11}
[] {2}
8

2
11

[] {3}
6
3
3
3
[] {11}
[] {3}
[] {6}
[] {1}
[] {1}
[] {5}
[] {}
[] {2}
1
8
5
1
[] {}
[] {1}
[] {}
[] {5}
[] {5}
[] {3}
11
4
[] {}
[] {1}
[] {1}
[] {8}
[] {5}
[] {8}
[5] {4}
[] {}
[] {2}
[] {4}
[4] {6}
[] {3}
[] {2}
[] {5}
6
1

[] {1}
[] {8}
[] {1}
[] {2}
Menu de Edição
1 - Mudar título
2 - Listar secções
3 - Mostrar conteúdo
4 - Seleccionar secção
5 - Inserir secção
6 - Nomear secção
7 - Remover secção
8 - Inserir parágrafo
9 - Nomear parágrafo
10 - Alterar parágrafo
11 - Remover parágrafo
0 - Sair
Escolha uma opção: Número inválido: java.lang.NumberFormatException: For input string: ""
Escolha uma opção: Identificador da secção: A secção '9' não existe.
Menu de Edição
1 - Mudar título
2 - Listar secções
3 - Mostrar conteúdo
4 - Seleccionar secção
5 - Inserir secção
6 - Nomear secção
7 - Remover secção
8 - Inserir parágrafo
9 - Nomear parágrafo
10 - Alterar parágrafo
11 - Remover parágrafo
0 - Sair
Escolha uma opção: Número do parágrafo: Identificador único: O parágrafo '8' não existe.
Menu de Edição
1 - Mudar título
2 - Listar secções
3 - Mostrar conteúdo
4 - Seleccionar secção
5 - Inserir secção
6 - Nomear secção
7 - Remover secção
8 - Inserir parágrafo
9 - Nomear parágrafo
10 - Alterar parágrafo
11 - Remover parágrafo
0 - Sair
Escolha uma opção: Número inválido: java.lang.NumberFormatException: For input string: ""
Escolha uma opção: Identificador da secção: Nova secção activa: '5'.
Menu de Edição
1 - Mudar título
2 - Listar secções
3 - Mostrar conteúdo
4 - Seleccionar secção
5 - Inserir secção
6 - Nomear secção
7 - Remover secção
8 - Inserir parágrafo
9 - Nomear parágrafo
10 - Alterar parágrafo
11 - Remover parágrafo
0 - Sair
Escolha uma opção: Identificador da secção: Identificador único: A secção '4' não existe.
Menu de Edição
1 - Mudar título
2 - Listar secções
3 - Mostrar conteúdo
4 - Seleccionar secção
5 - Inserir secção
6 - Nomear secção
7 - Remover secção
8 - Inserir parágrafo
9 - Nomear parágrafo
10 - Alterar parágrafo
11 - Remover parágrafo
0 - Sair
Escolha uma opção: Número do parágrafo: Identificador único: O parágrafo '8' não existe.
Menu de Edição
1 - Mudar título
2 - Listar secções
3 - Mostrar conteúdo
4 - Seleccionar secção
5 - Inserir secção
6 - Nomear secção
7 - Remover secção
8 - Inserir parágrafo
9 - Nomear parágrafo
10 - Alterar parágrafo
11 - Remover parágrafo
0 - Sair
Escolha uma opção: Número inválido: java.lang.NumberFormatException: For input string: ""
Escolha uma opção: Número do parágrafo: Conteúdo do parágrafo: Menu de Edição
1 - Mudar título
2 - Listar secções
3 - Mostrar conteúdo
4 - Seleccionar secção
5 - Inserir secção
6 - Nomear secção
7 - Remover secção
8 - Inserir parágrafo
9 - Nomear parágrafo
10 - Alterar parágrafo
11 - Remover parágrafo
0 - Sair
Escolha uma opção: Título da secção: Menu de Edição
1 - Mudar título
2 - Listar secções
3 - Mostrar conteúdo
4 - Seleccionar secção
5 - Inserir secção
6 - Nomear secção
7 - Remover secção
8 - Inserir parágrafo
9 - Nomear parágrafo
10 - Alterar parágrafo
11 - Remover parágrafo
0 - Sair
Escolha uma opção: Número inválido: java.lang.NumberFormatException: For input string: ""
Escolha uma opção: [] {9}
2
Menu de Edição
1 - Mudar título
2 - Listar secções
3 - Mostrar conteúdo
4 - Seleccionar secção
5 - Inserir secção
6 - Nomear secção
7 - Remover secção
8 - Inserir parágrafo
9 - Nomear parágrafo
10 - Alterar parágrafo
11 - Remover parágrafo
0 - Sair
Escolha uma opção: Número inválido: java.lang.NumberFormatException: For input string: ""
Escolha uma opção: Número do parágrafo: O parágrafo '4' não existe.
Menu de Edição
1 - Mudar título
2 - Listar secções
3 - Mostrar conteúdo
4 - Seleccionar secção
5 - Inserir secção
6 - Nomear secção
7 - Remover secção
8 - Inserir parágrafo
9 - Nomear parágrafo
10 - Alterar parágrafo
11 - Remover parágrafo
0 - Sair
Escolha uma opção: Título da secção: Menu de Edição
1 - Mudar título
2 - Listar secções
3 - Mostrar conteúdo
4 - Seleccionar secção
5 - Inserir secção
6 - Nomear secção
7 - Remover secção
8 - Inserir parágrafo
9 - Nomear parágrafo
10 - Alterar parágrafo
11 - Remover parágrafo
0 - Sair
Escolha uma opção: Número do parágrafo: Conteúdo do parágrafo: Menu de Edição
1 - Mudar título
2 - Listar secções
3 - Mostrar conteúdo
4 - Seleccionar secção
5 - Inserir secção
6 - Nomear secção
7 - Remover secção
8 - Inserir parágrafo
9 - Nomear parágrafo
10 - Alterar parágrafo
11 - Remover parágrafo
0 - Sair
Escolha uma opção: Identificador da secção: Título da secção: Menu de Edição
1 - Mudar título
2 - Listar secções
3 - Mostrar conteúdo
4 - Seleccionar secção
5 - Inserir secção
6 - Nomear secção
7 - Remover secção
8 - Inserir parágrafo
9 - Nomear parágrafo
10 - Alterar parágrafo
11 - Remover parágrafo
0 - Sair
Escolha uma opção: Título da secção: Menu de Edição
1 - Mudar título
2 - Listar secções
3 - Mostrar conteúdo
4 - Seleccionar secção
5 - Inserir secção
6 - Nomear secção
7 - Remover secção
8 - Inserir parágrafo
9 - Nomear parágrafo
10 - Alterar parágrafo
11 - Remover parágrafo
0 - Sair
Escolha uma opção: Identificador da secção: Identificador único: A secção '1' não existe.
Menu de Edição
1 - Mudar título
2 - Listar secções
3 - Mostrar conteúdo
4 - Seleccionar secção
5 - Inserir secção
6 - Nomear secção
7 - Remover secção
8 - Inserir parágrafo
9 - Nomear parágrafo
10 - Alterar parágrafo
11 - Remover parágrafo
0 - Sair
Escolha uma opção: Número do parágrafo: Identificador único: O parágrafo '2' não existe.
Menu de Edição
1 - Mudar título
2 - Listar secções
3 - Mostrar conteúdo
4 - Seleccionar secção
5 - Inserir secção
6 - Nomear secção
7 - Remover secção
8 - Inserir parágrafo
9 - Nomear parágrafo
10 - Alterar parágrafo
11 - Remover parágrafo
0 - Sair
Escolha uma opção: Número do parágrafo: Menu de Edição
1 - Mudar título
2 - Listar secções
3 - Mostrar conteúdo
4 - Seleccionar secção
5 - Inserir secção
6 - Nomear secção
7 - Remover secção
8 - Inserir parágrafo
9 - Nomear parágrafo
10 - Alterar parágrafo
11 - Remover parágrafo
0 - Sair
Escolha uma opção: Título da secção: Menu de Edição
1 - Mudar título
2 - Listar secções
3 - Mostrar conteúdo
4 - Seleccionar secção
5 - Inserir secção
6 - Nomear secção
7 - Remover secção
8 - Inserir parágrafo
9 - Nomear parágrafo
10 - Alterar parágrafo
11 - Remover parágrafo
0 - Sair
Escolha uma opção: Título da secção: Menu de Edição
1 - Mudar título
2 - Listar secções
3 - Mostrar conteúdo
4 - Seleccionar secção
5 - Inserir secção
6 - Nomear secção
7 - Remover secção
8 - Inserir parágrafo
9 - Nomear parágrafo
10 - Alterar parágrafo
11 - Remover parágrafo
0 - Sair
Escolha uma opção: Menu de Edição
1 - Mudar título
2 - Listar secções
3 - Mostrar conteúdo
4 - Seleccionar secção
5 - Inserir secção
6 - Nomear secção
7 - Remover secção
8 - Inserir parágrafo
9 - Nomear parágrafo
10 - Alterar parágrafo
11 - Remover parágrafo
0 - Sair
Escolha uma opção: Identificador da secção: A secção '6' não existe.
Menu de Edição
1 - Mudar título
2 - Listar secções
3 - Mostrar conteúdo
4 - Seleccionar secção
5 - Inserir secção
6 - Nomear secção
7 - Remover secção
8 - Inserir parágrafo
9 - Nomear parágrafo
10 - Alterar parágrafo
11 - Remover parágrafo
0 - Sair
Escolha uma opção: [] {}
[] {0}
[] {}
[] {3}
[6] {5}
[] {6}
[] {5}
[] {1}
[8] {6}
[] {8}
[] {}
[] {}
[] {11}
[] {2}
[] {3}
[] {11}
[] {3}
[] {6}
[] {1}
[] {1}
[] {5}
[] {}
[] {2}
[] {}
[] {1}
[] {}
[] {5}
[] {5}
[] {3}
[] {}
[] {1}
[] {1}
[] {8}
[] {5}
[] {8}
[5] {4}
[] {}
[] {2}
[] {4}
[4] {6}
[] {3}
[] {2}
[] {5}
[] {1}
[] {8}
[] {1}
[] {11}
[] {4}
Menu de Edição
1 - Mudar título
2 - Listar secções
3 - Mostrar conteúdo
4 - Seleccionar secção
5 - Inserir secção
6 - Nomear secção
7 - Remover secção
8 - Inserir parágrafo
9 - Nomear parágrafo
10 - Alterar parágrafo
11 - Remover parágrafo
0 - Sair
Escolha uma opção: Título da secção: Menu de Edição
1 - Mudar título
2 - Listar secções
3 - Mostrar conteúdo
4 - Seleccionar secção
5 - Inserir secção
6 - Nomear secção
7 - Remover secção
8 - Inserir parágrafo
9 - Nomear parágrafo
10 - Alterar parágrafo
11 - Remover parágrafo
0 - Sair
Escolha uma opção: Número do parágrafo: Conteúdo do parágrafo: Menu de Edição
1 - Mudar título
2 - Listar secções
3 - Mostrar conteúdo
4 - Seleccionar secção
5 - Inserir secção
6 - Nomear secção
7 - Remover secção
8 - Inserir parágrafo
9 - Nomear parágrafo
10 - Alterar parágrafo
11 - Remover parágrafo
0 - Sair
Escolha uma opção: [] {}
[] {0}
[] {}
[] {3}
[6] {5}
[] {6}
[] {5}
[] {1}
[8] {6}
[] {8}
[] {}
[] {}
[] {11}
[] {2}
[] {3}
[] {11}
[] {3}
[] {6}
[] {1}
[] {1}
[] {5}
[] {}
[] {2}
[] {}
[] {1}
[] {}
[] {5}
[] {5}
[] {3}
[] {}
[] {1}
[] {1}
[] {8}
[] {5}
[] {8}
[5] {4}
[] {}
[] {2}
[] {4}
[4] {6}
[] {3}
[] {2}
[] {5}
[] {1}
[] {8}
[] {1}
[] {11}
[] {4}
Menu de Edição
1 - Mudar título
2 - Listar secções
3 - Mostrar conteúdo
4 - Seleccionar secção
5 - Inserir secção
6 - Nomear secção
7 - Remover secção
8 - Inserir parágrafo
9 - Nomear parágrafo
10 - Alterar parágrafo
11 - Remover parágrafo
0 - Sair
Escolha uma opção: {4}
6
11
8

9
[] {}
[] {0}
[] {}
1

2

0
[] {3}
[6] {5}
[] {6}
1


[] {5}
[] {1}
[8] {6}
[] {8}
11
11

3

5
3
[] {}
[] {}
[] {11}
[] {2}
8

2
11

[] {3}
6
3
3
3
[] {11}
[] {3}
[] {6}
[] {1}
[] {1}
[] {5}
[] {}
[] {2}
1
8
5
1
[] {}
[] {1}
[] {}
[] {5}
[] {5}
[] {3}
11
4
[] {}
[] {1}
[] {1}
[] {8}
[] {5}
[] {8}
[5] {4}
[] {}
[] {2}
[] {4}
[4] {6}
[] {3}
[] {2}
[] {5}
6
1

[] {1}
[] {8}
[] {1}
[] {11}
2
[] {4}
Menu de Edição
1 - Mudar título
2 - Listar secções
3 - Mostrar conteúdo
4 - Seleccionar secção
5 - Inserir secção
6 - Nomear secção
7 - Remover secção
8 - Inserir parágrafo
9 - Nomear parágrafo
10 - Alterar parágrafo
11 - Remover parágrafo
0 - Sair
Escolha uma opção: {4}
6
11
8

9
[] {}
[] {0}
[] {}
1

2

0
[] {3}
[6] {5}
[] {6}
1


[] {5}
[] {1}
[8] {6}
[] {8}
11
11

3

5
3
[] {}
[] {}
[] {11}
[] {2}
8

2
11

[] {3}
6
3
3
3
[] {11}
[] {3}
[] {6}
[] {1}
[] {1}
[] {5}
[] {}
[] {2}
1
8
5
1
[] {}
[] {1}
[] {}
[] {5}
[] {5}
[] {3}
11
4
[] {}
[] {1}
[] {1}
[] {8}
[] {5}
[] {8}
[5] {4}
[] {}
[] {2}
[] {4}
[4] {6}
[] {3}
[] {2}
[] {5}
6
1

[] {1}
[] {8}
[] {1}
[] {11}
2
[] {4}
Menu de Edição
1 - Mudar título
2 - Listar secções
3 - Mostrar conteúdo
4 - Seleccionar secção
5 - Inserir secção
6 - Nomear secção
7 - Remover secção
8 - Inserir parágrafo
9 - Nomear parágrafo
10 - Alterar parágrafo
11 - Remover parágrafo
0 - Sair
Escolha uma opção: Identificador da secção: Identificador único: Menu de Edição
1 - Mudar título
2 - Listar secções
3 - Mostrar conteúdo
4 - Seleccionar secção
5 - Inserir secção
6 - Nomear secção
7 - Remover secção
8 - Inserir parágrafo
9 - Nomear parágrafo
10 - Alterar parágrafo
11 - Remover parágrafo
0 - Sair
Escolha uma opção: {4}
6
11
8

9
[] {}
[] {0}
[] {}
1

2

0
[] {3}
[6] {5}
[] {6}
1


[] {5}
[] {1}
[8] {6}
[] {8}
11
11

3

5
3
[] {}
[] {}
[] {11}
[] {2}
8

2
11

[] {3}
6
3
3
3
[] {11}
[] {3}
[] {6}
[] {1}
[] {1}
[] {5}
[] {}
[] {2}
1
8
5
1
[] {}
[] {1}
[] {}
[] {5}
[] {5}
[] {3}
11
4
[] {}
[] {1}
[] {1}
[] {8}
[] {5}
[] {8}
[5] {4}
[] {}
[] {2}
[] {4}
[4] {6}
[] {3}
[] {2}
[] {5}
6
1

[] {1}
[] {8}
[] {1}
[3] {11}
2
[] {4}
Menu de Edição
1 - Mudar título
2 - Listar secções
3 - Mostrar conteúdo
4 - Seleccionar secção
5 - Inserir secção
6 - Nomear secção
7 - Remover secção
8 - Inserir parágrafo
9 - Nomear parágrafo
10 - Alterar parágrafo
11 - Remover parágrafo
0 - Sair
Escolha uma opção: Número inválido: java.lang.NumberFormatException: For input string: ""
Escolha uma opção: [] {}
[] {0}
[] {}
[] {3}
[6] {5}
[] {6}
[] {5}
[] {1}
[8] {6}
[] {8}
[] {}
[] {}
[] {11}
[] {2}
[] {3}
[] {11}
[] {3}
[] {6}
[] {1}
[] {1}
[] {5}
[] {}
[] {2}
[] {}
[] {1}
[] {}
[] {5}
[] {5}
[] {3}
[] {}
[] {1}
[] {1}
[] {8}
[] {5}
[] {8}
[5] {4}
[] {}
[] {2}
[] {4}
[4] {6}
[] {3}
[] {2}
[] {5}
[] {1}
[] {8}
[] {1}
[3] {11}
[] {4}
Menu de Edição
1 - Mudar título
2 - Listar secções
3 - Mostrar conteúdo
4 - Seleccionar secção
5 - Inserir secção
6 - Nomear secção
7 - Remover secção
8 - Inserir parágrafo
9 - Nomear parágrafo
10 - Alterar parágrafo
11 - Remover parágrafo
0 - Sair
Escolha uma opção: Identificador da secção: Identificador único: A secção '8' não existe.
Menu de Edição
1 - Mudar título
2 - Listar secções
3 - Mostrar conteúdo
4 - Seleccionar secção
5 - Inserir secção
6 - Nomear secção
7 - Remover secção
8 - Inserir parágrafo
9 - Nomear parágrafo
10 - Alterar parágrafo
11 - Remover parágrafo
0 - Sair
Escolha uma opção: [] {}
[] {0}
[] {}
[] {3}
[6] {5}
[] {6}
[] {5}
[] {1}
[8] {6}
[] {8}
[] {}
[] {}
[] {11}
[] {2}
[] {3}
[] {11}
[] {3}
[] {6}
[] {1}
[] {1}
[] {5}
[] {}
[] {2}
[] {}
[] {1}
[] {}
[] {5}
[] {5}
[] {3}
[] {}
[] {1}
[] {1}
[] {8}
[] {5}
[] {8}
[5] {4}
[] {}
[] {2}
[] {4}
[4] {6}
[] {3}
[] {2}
[] {5}
[] {1}
[] {8}
[] {1}
[3] {11}
[] {4}
Menu de Edição
1 - Mudar título
2 - Listar secções
3 - Mostrar conteúdo
4 - Seleccionar secção
5 - Inserir secção
6 - Nomear secção
7 - Remover secção
8 - Inserir parágrafo
9 - Nomear parágrafo
10 - Alterar parágrafo
11 - Remover parágrafo
0 - Sair
Escolha uma opção: Menu Principal
1 - Novo
2 - Abrir
3 - Guardar
4 - Listar meta-informação
5 - Adicionar autor
6 - Listar secções
7 - Mostrar elemento de texto
8 - Editar
0 - Sair
Escolha uma opção: Opção inválida!
Menu Principal
1 - Novo
2 - Abrir
3 - Guardar
4 - Listar meta-informação
5 - Adicionar autor
6 - Listar secções
7 - Mostrar elemento de texto
8 - Editar
0 - Sair
Escolha uma opção: Ficheiro a abrir: Menu Principal
1 - Novo
2 - Abrir
3 - Guardar
4 - Listar meta-informação
5 - Adicionar autor
6 - Listar secções
7 - Mostrar elemento de texto
8 - Editar
0 - Sair
Escolha uma opção: Menu de Edição
1 - Mudar título
2 - Listar secções
3 - Mostrar conteúdo
4 - Seleccionar secção
5 - Inserir secção
6 - Nomear secção
7 - Remover secção
8 - Inserir parágrafo
9 - Nomear parágrafo
10 - Alterar parágrafo
11 - Remover parágrafo
0 - Sair
Escolha uma opção: Número do parágrafo: Número inválido: java.lang.NumberFormatException: For input string: ""
Número do parágrafo: O parágrafo '11' não existe.
Menu de Edição
1 - Mudar título
2 - Listar secções
3 - Mostrar conteúdo
4 - Seleccionar secção
5 - Inserir secção
6 - Nomear secção
7 - Remover secção
8 - Inserir parágrafo
9 - Nomear parágrafo
10 - Alterar parágrafo
11 - Remover parágrafo
0 - Sair
Escolha uma opção: Número do parágrafo: Conteúdo do parágrafo: Menu de Edição
1 - Mudar título
2 - Listar secções
3 - Mostrar conteúdo
4 - Seleccionar secção
5 - Inserir secção
6 - Nomear secção
7 - Remover secção
8 - Inserir parágrafo
9 - Nomear parágrafo
10 - Alterar parágrafo
11 - Remover parágrafo
0 - Sair
Escolha uma opção: Título da secção: Menu de Edição
1 - Mudar título
2 - Listar secções
3 - Mostrar conteúdo
4 - Seleccionar secção
5 - Inserir secção
6 - Nomear secção
7 - Remover secção
8 - Inserir parágrafo
9 - Nomear parágrafo
10 - Alterar parágrafo
11 - Remover parágrafo
0 - Sair
Escolha uma opção: Identificador da secção: Título da secção: Menu de Edição
1 - Mudar título
2 - Listar secções
3 - Mostrar conteúdo
4 - Seleccionar secção
5 - Inserir secção
6 - Nomear secção
7 - Remover secção
8 - Inserir parágrafo
9 - Nomear parágrafo
10 - Alterar parágrafo
11 - Remover parágrafo
0 - Sair
Escolha uma opção: {5}
2
[] {1}
Menu de Edição
1 - Mudar título
2 - Listar secções
3 - Mostrar conteúdo
4 - Seleccionar secção
5 - Inserir secção
6 - Nomear secção
7 - Remover secção
8 - Inserir parágrafo
9 - Nomear parágrafo
10 - Alterar parágrafo
11 - Remover parágrafo
0 - Sair
Escolha uma opção: Menu Principal
1 - Novo
2 - Abrir
3 - Guardar
4 - Listar meta-informação
5 - Adicionar autor
6 - Listar secções
7 - Mostrar elemento de texto
8 - Editar
0 - Sair
Escolha uma opção: 