Menu Principal
1 - Novo
2 - Abrir
3 - Guardar
4 - Listar meta-informação
5 - Adicionar autor
6 - Listar secções
7 - Mostrar elemento de texto
8 - Editar
0 - Sair
Escolha uma opção: {}
Menu Principal
1 - Novo
2 - Abrir
3 - Guardar
4 - Listar meta-informação
5 - Adicionar autor
6 - Listar secções
7 - Mostrar elemento de texto
8 - Editar
0 - Sair
Escolha uma opção: 