Menu Principal
1 - Novo
2 - Abrir
3 - Guardar
4 - Listar meta-informação
5 - Adicionar autor
6 - Listar secções
7 - Mostrar elemento de texto
8 - Editar
0 - Sair
Escolha uma opção: Menu de Edição
1 - Mudar título
2 - Listar secções
3 - Mostrar conteúdo
4 - Seleccionar secção
5 - Inserir secção
6 - Nomear secção
7 - Remover secção
8 - Inserir parágrafo
9 - Nomear parágrafo
10 - Alterar parágrafo
11 - Remover parágrafo
0 - Sair
Escolha uma opção: Identificador da secção: Nova secção activa: '2'.
Menu de Edição
1 - Mudar título
2 - Listar secções
3 - Mostrar conteúdo
4 - Seleccionar secção
5 - Inserir secção
6 - Nomear secção
7 - Remover secção
8 - Inserir parágrafo
9 - Nomear parágrafo
10 - Alterar parágrafo
11 - Remover parágrafo
0 - Sair
Escolha uma opção: [] {Drama in the Clouds}
Obi-Wan never told you what happened to your father.
He told me enough! He told me YOU killed him.
NOOOOOOOOOOOOOOOOOOO...
Menu de Edição
1 - Mudar título
2 - Listar secções
3 - Mostrar conteúdo
4 - Seleccionar secção
5 - Inserir secção
6 - Nomear secção
7 - Remover secção
8 - Inserir parágrafo
9 - Nomear parágrafo
10 - Alterar parágrafo
11 - Remover parágrafo
0 - Sair
Escolha uma opção: Número do parágrafo: Menu de Edição
1 - Mudar título
2 - Listar secções
3 - Mostrar conteúdo
4 - Seleccionar secção
5 - Inserir secção
6 - Nomear secção
7 - Remover secção
8 - Inserir parágrafo
9 - Nomear parágrafo
10 - Alterar parágrafo
11 - Remover parágrafo
0 - Sair
Escolha uma opção: [] {Drama in the Clouds}
Obi-Wan never told you what happened to your father.
NOOOOOOOOOOOOOOOOOOO...
Menu de Edição
1 - Mudar título
2 - Listar secções
3 - Mostrar conteúdo
4 - Seleccionar secção
5 - Inserir secção
6 - Nomear secção
7 - Remover secção
8 - Inserir parágrafo
9 - Nomear parágrafo
10 - Alterar parágrafo
11 - Remover parágrafo
0 - Sair
Escolha uma opção: Menu de Edição
1 - Mudar título
2 - Listar secções
3 - Mostrar conteúdo
4 - Seleccionar secção
5 - Inserir secção
6 - Nomear secção
7 - Remover secção
8 - Inserir parágrafo
9 - Nomear parágrafo
10 - Alterar parágrafo
11 - Remover parágrafo
0 - Sair
Escolha uma opção: Menu Principal
1 - Novo
2 - Abrir
3 - Guardar
4 - Listar meta-informação
5 - Adicionar autor
6 - Listar secções
7 - Mostrar elemento de texto
8 - Editar
0 - Sair
Escolha uma opção: 